Archive member included to satisfy reference by file (symbol)

/usr/lib/gcc/arm-none-eabi/13.2.1/thumb/v7e-m+fp/hard/libgcc.a(_aeabi_uldivmod.o)
                              source/CMakeFiles/firmware.dir/__/lib/platform/nucleof411re/platform_nucleof411re_serial.c.obj (__aeabi_uldivmod)
/usr/lib/gcc/arm-none-eabi/13.2.1/thumb/v7e-m+fp/hard/libgcc.a(_udivmoddi4.o)
                              /usr/lib/gcc/arm-none-eabi/13.2.1/thumb/v7e-m+fp/hard/libgcc.a(_aeabi_uldivmod.o) (__udivmoddi4)
/usr/lib/gcc/arm-none-eabi/13.2.1/thumb/v7e-m+fp/hard/libgcc.a(_dvmd_tls.o)
                              /usr/lib/gcc/arm-none-eabi/13.2.1/thumb/v7e-m+fp/hard/libgcc.a(_aeabi_uldivmod.o) (__aeabi_ldiv0)
/usr/lib/gcc/arm-none-eabi/13.2.1/../../../arm-none-eabi/lib/thumb/v7e-m+fp/hard/libg_nano.a(libc_a-init.o)
                              /usr/lib/gcc/arm-none-eabi/13.2.1/../../../arm-none-eabi/lib/thumb/v7e-m+fp/hard/crt0.o (__libc_init_array)
/usr/lib/gcc/arm-none-eabi/13.2.1/../../../arm-none-eabi/lib/thumb/v7e-m+fp/hard/libg_nano.a(libc_a-memset.o)
                              /usr/lib/gcc/arm-none-eabi/13.2.1/../../../arm-none-eabi/lib/thumb/v7e-m+fp/hard/crt0.o (memset)
/usr/lib/gcc/arm-none-eabi/13.2.1/../../../arm-none-eabi/lib/thumb/v7e-m+fp/hard/libg_nano.a(libc_a-errno.o)
                              source/CMakeFiles/firmware.dir/syscalls.c.obj (__errno)
/usr/lib/gcc/arm-none-eabi/13.2.1/../../../arm-none-eabi/lib/thumb/v7e-m+fp/hard/libg_nano.a(libc_a-exit.o)
                              /usr/lib/gcc/arm-none-eabi/13.2.1/../../../arm-none-eabi/lib/thumb/v7e-m+fp/hard/crt0.o (exit)
/usr/lib/gcc/arm-none-eabi/13.2.1/../../../arm-none-eabi/lib/thumb/v7e-m+fp/hard/libg_nano.a(libc_a-atexit.o)
                              /usr/lib/gcc/arm-none-eabi/13.2.1/../../../arm-none-eabi/lib/thumb/v7e-m+fp/hard/crt0.o (atexit)
/usr/lib/gcc/arm-none-eabi/13.2.1/../../../arm-none-eabi/lib/thumb/v7e-m+fp/hard/libg_nano.a(libc_a-printf.o)
                              source/CMakeFiles/firmware.dir/main.c.obj (printf)
/usr/lib/gcc/arm-none-eabi/13.2.1/../../../arm-none-eabi/lib/thumb/v7e-m+fp/hard/libg_nano.a(libc_a-nano-vfprintf.o)
                              /usr/lib/gcc/arm-none-eabi/13.2.1/../../../arm-none-eabi/lib/thumb/v7e-m+fp/hard/libg_nano.a(libc_a-printf.o) (_vfprintf_r)
/usr/lib/gcc/arm-none-eabi/13.2.1/../../../arm-none-eabi/lib/thumb/v7e-m+fp/hard/libg_nano.a(libc_a-fini.o)
                              /usr/lib/gcc/arm-none-eabi/13.2.1/../../../arm-none-eabi/lib/thumb/v7e-m+fp/hard/crt0.o (__libc_fini_array)
/usr/lib/gcc/arm-none-eabi/13.2.1/../../../arm-none-eabi/lib/thumb/v7e-m+fp/hard/libg_nano.a(libc_a-wbuf.o)
                              /usr/lib/gcc/arm-none-eabi/13.2.1/../../../arm-none-eabi/lib/thumb/v7e-m+fp/hard/libg_nano.a(libc_a-nano-vfprintf.o) (__swbuf_r)
/usr/lib/gcc/arm-none-eabi/13.2.1/../../../arm-none-eabi/lib/thumb/v7e-m+fp/hard/libg_nano.a(libc_a-impure.o)
                              /usr/lib/gcc/arm-none-eabi/13.2.1/../../../arm-none-eabi/lib/thumb/v7e-m+fp/hard/libg_nano.a(libc_a-errno.o) (_impure_ptr)
/usr/lib/gcc/arm-none-eabi/13.2.1/../../../arm-none-eabi/lib/thumb/v7e-m+fp/hard/libg_nano.a(libc_a-fvwrite.o)
                              /usr/lib/gcc/arm-none-eabi/13.2.1/../../../arm-none-eabi/lib/thumb/v7e-m+fp/hard/libg_nano.a(libc_a-nano-vfprintf.o) (__sfvwrite_r)
/usr/lib/gcc/arm-none-eabi/13.2.1/../../../arm-none-eabi/lib/thumb/v7e-m+fp/hard/libg_nano.a(libc_a-findfp.o)
                              /usr/lib/gcc/arm-none-eabi/13.2.1/../../../arm-none-eabi/lib/thumb/v7e-m+fp/hard/libg_nano.a(libc_a-nano-vfprintf.o) (__sinit)
/usr/lib/gcc/arm-none-eabi/13.2.1/../../../arm-none-eabi/lib/thumb/v7e-m+fp/hard/libg_nano.a(libc_a-fflush.o)
                              /usr/lib/gcc/arm-none-eabi/13.2.1/../../../arm-none-eabi/lib/thumb/v7e-m+fp/hard/libg_nano.a(libc_a-wbuf.o) (_fflush_r)
/usr/lib/gcc/arm-none-eabi/13.2.1/../../../arm-none-eabi/lib/thumb/v7e-m+fp/hard/libg_nano.a(libc_a-mallocr.o)
                              /usr/lib/gcc/arm-none-eabi/13.2.1/../../../arm-none-eabi/lib/thumb/v7e-m+fp/hard/libg_nano.a(libc_a-fvwrite.o) (_malloc_r)
/usr/lib/gcc/arm-none-eabi/13.2.1/../../../arm-none-eabi/lib/thumb/v7e-m+fp/hard/libg_nano.a(libc_a-freer.o)
                              /usr/lib/gcc/arm-none-eabi/13.2.1/../../../arm-none-eabi/lib/thumb/v7e-m+fp/hard/libg_nano.a(libc_a-fvwrite.o) (_free_r)
/usr/lib/gcc/arm-none-eabi/13.2.1/../../../arm-none-eabi/lib/thumb/v7e-m+fp/hard/libg_nano.a(libc_a-memmove.o)
                              /usr/lib/gcc/arm-none-eabi/13.2.1/../../../arm-none-eabi/lib/thumb/v7e-m+fp/hard/libg_nano.a(libc_a-fvwrite.o) (memmove)
/usr/lib/gcc/arm-none-eabi/13.2.1/../../../arm-none-eabi/lib/thumb/v7e-m+fp/hard/libg_nano.a(libc_a-fwalk.o)
                              /usr/lib/gcc/arm-none-eabi/13.2.1/../../../arm-none-eabi/lib/thumb/v7e-m+fp/hard/libg_nano.a(libc_a-findfp.o) (_fwalk_sglue)
[...]
Memory Configuration

Name             Origin             Length             Attributes
RAM              0x20000000         0x00020000         xrw
ROM              0x08000000         0x00080000         xr
*default*        0x00000000         0xffffffff

Linker script and memory map

LOAD /usr/lib/gcc/arm-none-eabi/13.2.1/thumb/v7e-m+fp/hard/crti.o
LOAD /usr/lib/gcc/arm-none-eabi/13.2.1/thumb/v7e-m+fp/hard/crtbegin.o
LOAD /usr/lib/gcc/arm-none-eabi/13.2.1/../../../arm-none-eabi/lib/thumb/v7e-m+fp/hard/crt0.o
LOAD source/CMakeFiles/firmware.dir/syscalls.c.obj
LOAD source/CMakeFiles/firmware.dir/sysmem.c.obj
LOAD source/CMakeFiles/firmware.dir/main.c.obj
LOAD source/CMakeFiles/firmware.dir/assert.c.obj
LOAD source/CMakeFiles/firmware.dir/__/lib/bsp/bsp.c.obj
LOAD source/CMakeFiles/firmware.dir/__/lib/platform/nucleof411re/platform_nucleof411re.c.obj
LOAD source/CMakeFiles/firmware.dir/__/lib/platform/nucleof411re/platform_nucleof411re_clock.c.obj
LOAD source/CMakeFiles/firmware.dir/__/lib/platform/nucleof411re/platform_nucleof411re_serial.c.obj
LOAD source/CMakeFiles/firmware.dir/__/lib/platform/nucleof411re/platform_nucleof411re_ili9486.c.obj
LOAD source/CMakeFiles/firmware.dir/__/lib/platform/component/ili9486/ili9486.c.obj
LOAD source/CMakeFiles/firmware.dir/__/third-party/stm32_driver/cmsis/device/source/system_stm32f4xx.c.obj
LOAD source/CMakeFiles/firmware.dir/__/third-party/stm32_driver/cmsis/device/startup/startup_stm32f411xe.s.obj
LOAD source/CMakeFiles/firmware.dir/__/third-party/stm32_driver/stm32_ll_drivers/source/stm32f4xx_ll_exti.c.obj
LOAD source/CMakeFiles/firmware.dir/__/third-party/stm32_driver/stm32_ll_drivers/source/stm32f4xx_ll_gpio.c.obj
LOAD source/CMakeFiles/firmware.dir/__/third-party/stm32_driver/stm32_ll_drivers/source/stm32f4xx_ll_pwr.c.obj
LOAD source/CMakeFiles/firmware.dir/__/third-party/stm32_driver/stm32_ll_drivers/source/stm32f4xx_ll_rcc.c.obj
LOAD source/CMakeFiles/firmware.dir/__/third-party/stm32_driver/stm32_ll_drivers/source/stm32f4xx_ll_tim.c.obj
LOAD source/CMakeFiles/firmware.dir/__/third-party/stm32_driver/stm32_ll_drivers/source/stm32f4xx_ll_usart.c.obj
LOAD source/CMakeFiles/firmware.dir/__/third-party/stm32_driver/stm32_ll_drivers/source/stm32f4xx_ll_utils.c.obj
START GROUP
LOAD /usr/lib/gcc/arm-none-eabi/13.2.1/thumb/v7e-m+fp/hard/libgcc.a
LOAD /usr/lib/gcc/arm-none-eabi/13.2.1/../../../arm-none-eabi/lib/thumb/v7e-m+fp/hard/libg_nano.a
LOAD /usr/lib/gcc/arm-none-eabi/13.2.1/../../../arm-none-eabi/lib/thumb/v7e-m+fp/hard/libc_nano.a
END GROUP
START GROUP
LOAD /usr/lib/gcc/arm-none-eabi/13.2.1/thumb/v7e-m+fp/hard/libgcc.a
LOAD /usr/lib/gcc/arm-none-eabi/13.2.1/../../../arm-none-eabi/lib/thumb/v7e-m+fp/hard/libc_nano.a
END GROUP
LOAD /usr/lib/gcc/arm-none-eabi/13.2.1/thumb/v7e-m+fp/hard/crtend.o
LOAD /usr/lib/gcc/arm-none-eabi/13.2.1/thumb/v7e-m+fp/hard/crtn.o
                0x20020000                        _estack = (ORIGIN (RAM) + LENGTH (RAM))
                0x00000200                        _Min_Heap_Size = 0x200
                0x00000400                        _Min_Stack_Size = 0x400

.isr_vector     0x08000000      0x198
                0x08000000                        . = ALIGN (0x4)
 *(.isr_vector)
 .isr_vector    0x08000000      0x198 source/CMakeFiles/firmware.dir/__/third-party/stm32_driver/cmsis/device/startup/startup_stm32f411xe.s.obj
                0x08000000                g_pfnVectors
                0x08000198                        . = ALIGN (0x4)

.text           0x080001a0     0x2bec
                0x080001a0                        . = ALIGN (0x4)
 *(.text)
 .text          0x080001a0       0x88 /usr/lib/gcc/arm-none-eabi/13.2.1/thumb/v7e-m+fp/hard/crtbegin.o
 .text          0x08000228       0x30 /usr/lib/gcc/arm-none-eabi/13.2.1/thumb/v7e-m+fp/hard/libgcc.a(_aeabi_uldivmod.o)
                0x08000228                __aeabi_uldivmod
 .text          0x08000258      0x2bc /usr/lib/gcc/arm-none-eabi/13.2.1/thumb/v7e-m+fp/hard/libgcc.a(_udivmoddi4.o)
                0x08000258                __udivmoddi4
 .text          0x08000514        0x4 /usr/lib/gcc/arm-none-eabi/13.2.1/thumb/v7e-m+fp/hard/libgcc.a(_dvmd_tls.o)
                0x08000514                __aeabi_ldiv0
                0x08000514                __aeabi_idiv0
 .text          0x08000518       0x50 /usr/lib/gcc/arm-none-eabi/13.2.1/../../../arm-none-eabi/lib/thumb/v7e-m+fp/hard/libg_nano.a(libc_a-init.o)
                0x08000518                __libc_init_array
 .text          0x08000568       0xa4 /usr/lib/gcc/arm-none-eabi/13.2.1/../../../arm-none-eabi/lib/thumb/v7e-m+fp/hard/libg_nano.a(libc_a-memset.o)
                0x08000568                memset
 .text          0x0800060c        0xc /usr/lib/gcc/arm-none-eabi/13.2.1/../../../arm-none-eabi/lib/thumb/v7e-m+fp/hard/libg_nano.a(libc_a-errno.o)
                0x0800060c                __errno
 .text          0x08000618       0x48 /usr/lib/gcc/arm-none-eabi/13.2.1/../../../arm-none-eabi/lib/thumb/v7e-m+fp/hard/libg_nano.a(libc_a-printf.o)
                0x08000618                _printf_r
                0x08000618                _iprintf_r
                0x08000638                printf
                0x08000638                iprintf
 .text          0x08000660      0x314 /usr/lib/gcc/arm-none-eabi/13.2.1/../../../arm-none-eabi/lib/thumb/v7e-m+fp/hard/libg_nano.a(libc_a-nano-vfprintf.o)
                0x0800069c                __sfputs_r
                0x080006cc                __sprint_r
                0x080006ec                _vfiprintf_r
                0x080006ec                _vfprintf_r
                0x08000958                vfiprintf
                0x08000958                vfprintf
 .text          0x08000974       0xa0 /usr/lib/gcc/arm-none-eabi/13.2.1/../../../arm-none-eabi/lib/thumb/v7e-m+fp/hard/libg_nano.a(libc_a-wbuf.o)
                0x08000974                __swbuf_r
                0x080009fc                __swbuf
 .text          0x08000a14      0x300 /usr/lib/gcc/arm-none-eabi/13.2.1/../../../arm-none-eabi/lib/thumb/v7e-m+fp/hard/libg_nano.a(libc_a-fvwrite.o)
                0x08000a14                __sfvwrite_r
 .text          0x08000d14      0x224 /usr/lib/gcc/arm-none-eabi/13.2.1/../../../arm-none-eabi/lib/thumb/v7e-m+fp/hard/libg_nano.a(libc_a-findfp.o)
                0x08000e44                __sfp
                0x08000ee8                __sinit
                0x08000f08                __sfp_lock_acquire
                0x08000f0c                __sfp_lock_release
                0x08000f10                __fp_lock_all
                0x08000f24                __fp_unlock_all
 .text          0x08000f38      0x1a8 /usr/lib/gcc/arm-none-eabi/13.2.1/../../../arm-none-eabi/lib/thumb/v7e-m+fp/hard/libg_nano.a(libc_a-fflush.o)
                0x08000f38                __sflush_r
                0x0800105c                _fflush_r
                0x08001094                fflush
 .text          0x080010e0      0x148 /usr/lib/gcc/arm-none-eabi/13.2.1/../../../arm-none-eabi/lib/thumb/v7e-m+fp/hard/libg_nano.a(libc_a-mallocr.o)
                0x08001128                _malloc_r
 .text          0x08001228       0xbc /usr/lib/gcc/arm-none-eabi/13.2.1/../../../arm-none-eabi/lib/thumb/v7e-m+fp/hard/libg_nano.a(libc_a-freer.o)
                0x08001228                _free_r
 .text          0x080012e4      0x100 /usr/lib/gcc/arm-none-eabi/13.2.1/../../../arm-none-eabi/lib/thumb/v7e-m+fp/hard/libg_nano.a(libc_a-memmove.o)
                0x080012e4                memmove
 .text          0x080013e4       0x44 /usr/lib/gcc/arm-none-eabi/13.2.1/../../../arm-none-eabi/lib/thumb/v7e-m+fp/hard/libg_nano.a(libc_a-fwalk.o)
                0x080013e4                _fwalk_sglue
 *fill*         0x08001428        0x8 
 .text          0x08001430       0xa0 /usr/lib/gcc/arm-none-eabi/13.2.1/../../../arm-none-eabi/lib/thumb/v7e-m+fp/hard/libg_nano.a(libc_a-memchr.o)
                0x08001430                memchr
 .text          0x080014d0       0xc4 /usr/lib/gcc/arm-none-eabi/13.2.1/../../../arm-none-eabi/lib/thumb/v7e-m+fp/hard/libg_nano.a(libc_a-wsetup.o)
                0x080014d0                __swsetup_r
 .text          0x08001594      0x134 /usr/lib/gcc/arm-none-eabi/13.2.1/../../../arm-none-eabi/lib/thumb/v7e-m+fp/hard/libg_nano.a(libc_a-memcpy.o)
                0x08001594                memcpy
 .text          0x080016c8       0x64 /usr/lib/gcc/arm-none-eabi/13.2.1/../../../arm-none-eabi/lib/thumb/v7e-m+fp/hard/libg_nano.a(libc_a-reallocr.o)
                0x080016c8                _realloc_r
 .text          0x0800172c      0x3a8 /usr/lib/gcc/arm-none-eabi/13.2.1/../../../arm-none-eabi/lib/thumb/v7e-m+fp/hard/libg_nano.a(libc_a-nano-vfprintf_i.o)
                0x0800172c                _printf_common
                0x08001850                _printf_i
 .text          0x08001ad4        0x8 /usr/lib/gcc/arm-none-eabi/13.2.1/../../../arm-none-eabi/lib/thumb/v7e-m+fp/hard/libg_nano.a(libc_a-mlock.o)
                0x08001ad4                __malloc_lock
                0x08001ad8                __malloc_unlock
 .text          0x08001adc      0x114 /usr/lib/gcc/arm-none-eabi/13.2.1/../../../arm-none-eabi/lib/thumb/v7e-m+fp/hard/libg_nano.a(libc_a-makebuf.o)
                0x08001adc                __smakebuf_r
                0x08001ba0                __swhatbuf_r
 .text          0x08001bf0       0x24 /usr/lib/gcc/arm-none-eabi/13.2.1/../../../arm-none-eabi/lib/thumb/v7e-m+fp/hard/libg_nano.a(libc_a-isattyr.o)
                0x08001bf0                _isatty_r
 .text          0x08001c14       0x24 /usr/lib/gcc/arm-none-eabi/13.2.1/../../../arm-none-eabi/lib/thumb/v7e-m+fp/hard/libg_nano.a(libc_a-sbrkr.o)
                0x08001c14                _sbrk_r
 .text          0x08001c38       0x94 /usr/lib/gcc/arm-none-eabi/13.2.1/../../../arm-none-eabi/lib/thumb/v7e-m+fp/hard/libg_nano.a(libc_a-stdio.o)
                0x08001c38                __sread
                0x08001c5c                __seofread
                0x08001c60                __swrite
                0x08001ca0                __sseek
                0x08001cc4                __sclose
 .text          0x08001ccc       0x10 /usr/lib/gcc/arm-none-eabi/13.2.1/../../../arm-none-eabi/lib/thumb/v7e-m+fp/hard/libg_nano.a(libc_a-msizer.o)
                0x08001ccc                _malloc_usable_size_r
 .text          0x08001cdc       0x24 /usr/lib/gcc/arm-none-eabi/13.2.1/../../../arm-none-eabi/lib/thumb/v7e-m+fp/hard/libg_nano.a(libc_a-closer.o)
                0x08001cdc                _close_r
 .text          0x08001d00       0x2c /usr/lib/gcc/arm-none-eabi/13.2.1/../../../arm-none-eabi/lib/thumb/v7e-m+fp/hard/libg_nano.a(libc_a-readr.o)
                0x08001d00                _read_r
 .text          0x08001d2c       0x2c /usr/lib/gcc/arm-none-eabi/13.2.1/../../../arm-none-eabi/lib/thumb/v7e-m+fp/hard/libg_nano.a(libc_a-fstatr.o)
                0x08001d2c                _fstat_r
 .text          0x08001d58       0x2c /usr/lib/gcc/arm-none-eabi/13.2.1/../../../arm-none-eabi/lib/thumb/v7e-m+fp/hard/libg_nano.a(libc_a-lseekr.o)
                0x08001d58                _lseek_r
 .text          0x08001d84       0x2c /usr/lib/gcc/arm-none-eabi/13.2.1/../../../arm-none-eabi/lib/thumb/v7e-m+fp/hard/libg_nano.a(libc_a-writer.o)
                0x08001d84                _write_r
 *(.text*)
 .text._read    0x08001db0       0x3a source/CMakeFiles/firmware.dir/syscalls.c.obj
                0x08001db0                _read
 .text._close   0x08001dea       0x18 source/CMakeFiles/firmware.dir/syscalls.c.obj
                0x08001dea                _close
 .text._fstat   0x08001e02       0x20 source/CMakeFiles/firmware.dir/syscalls.c.obj
                0x08001e02                _fstat
 .text._isatty  0x08001e22       0x16 source/CMakeFiles/firmware.dir/syscalls.c.obj
                0x08001e22                _isatty
 .text._lseek   0x08001e38       0x1a source/CMakeFiles/firmware.dir/syscalls.c.obj
                0x08001e38                _lseek
 *fill*         0x08001e52        0x2 
 .text._sbrk    0x08001e54       0x6c source/CMakeFiles/firmware.dir/sysmem.c.obj
                0x08001e54                _sbrk
 .text.raw_delay
                0x08001ec0       0x24 source/CMakeFiles/firmware.dir/main.c.obj
 .text.main     0x08001ee4       0x20 source/CMakeFiles/firmware.dir/main.c.obj
                0x08001ee4                main
 .text.bsp_init
                0x08001f04        0xc source/CMakeFiles/firmware.dir/__/lib/bsp/bsp.c.obj
                0x08001f04                bsp_init
 .text.prv_init_clock
                0x08001f10       0x28 source/CMakeFiles/firmware.dir/__/lib/platform/nucleof411re/platform_nucleof411re.c.obj
 .text.prv_init_serial
                0x08001f38       0x28 source/CMakeFiles/firmware.dir/__/lib/platform/nucleof411re/platform_nucleof411re.c.obj
 .text.platform_init
                0x08001f60       0x14 source/CMakeFiles/firmware.dir/__/lib/platform/nucleof411re/platform_nucleof411re.c.obj
                0x08001f60                platform_init
 .text.LL_APB1_GRP1_EnableClock
                0x08001f74       0x30 source/CMakeFiles/firmware.dir/__/lib/platform/nucleof411re/platform_nucleof411re_clock.c.obj
 .text.LL_PWR_SetRegulVoltageScaling
                0x08001fa4       0x28 source/CMakeFiles/firmware.dir/__/lib/platform/nucleof411re/platform_nucleof411re_clock.c.obj
 .text.LL_PWR_IsActiveFlag_VOS
                0x08001fcc       0x28 source/CMakeFiles/firmware.dir/__/lib/platform/nucleof411re/platform_nucleof411re_clock.c.obj
 .text.LL_RCC_HSI_Enable
                0x08001ff4       0x20 source/CMakeFiles/firmware.dir/__/lib/platform/nucleof411re/platform_nucleof411re_clock.c.obj
 .text.LL_RCC_HSI_IsReady
                0x08002014       0x24 source/CMakeFiles/firmware.dir/__/lib/platform/nucleof411re/platform_nucleof411re_clock.c.obj
 .text.LL_RCC_SetSysClkSource
                0x08002038       0x28 source/CMakeFiles/firmware.dir/__/lib/platform/nucleof411re/platform_nucleof411re_clock.c.obj
 .text.LL_RCC_GetSysClkSource
                0x08002060       0x1c source/CMakeFiles/firmware.dir/__/lib/platform/nucleof411re/platform_nucleof411re_clock.c.obj
 .text.LL_RCC_SetAHBPrescaler
                0x0800207c       0x28 source/CMakeFiles/firmware.dir/__/lib/platform/nucleof411re/platform_nucleof411re_clock.c.obj
 .text.LL_RCC_SetAPB1Prescaler
                0x080020a4       0x28 source/CMakeFiles/firmware.dir/__/lib/platform/nucleof411re/platform_nucleof411re_clock.c.obj
 .text.LL_RCC_SetAPB2Prescaler
                0x080020cc       0x28 source/CMakeFiles/firmware.dir/__/lib/platform/nucleof411re/platform_nucleof411re_clock.c.obj
 .text.LL_RCC_PLL_Enable
                0x080020f4       0x20 source/CMakeFiles/firmware.dir/__/lib/platform/nucleof411re/platform_nucleof411re_clock.c.obj
 .text.LL_RCC_PLL_IsReady
                0x08002114       0x28 source/CMakeFiles/firmware.dir/__/lib/platform/nucleof411re/platform_nucleof411re_clock.c.obj
 .text.LL_RCC_PLL_ConfigDomain_SYS
                0x0800213c       0x4c source/CMakeFiles/firmware.dir/__/lib/platform/nucleof411re/platform_nucleof411re_clock.c.obj
 .text.LL_FLASH_SetLatency
                0x08002188       0x28 source/CMakeFiles/firmware.dir/__/lib/platform/nucleof411re/platform_nucleof411re_clock.c.obj
 .text.LL_FLASH_GetLatency
                0x080021b0       0x1c source/CMakeFiles/firmware.dir/__/lib/platform/nucleof411re/platform_nucleof411re_clock.c.obj
 .text.platform_nucleof411re_clock_init
                0x080021cc       0xa6 source/CMakeFiles/firmware.dir/__/lib/platform/nucleof411re/platform_nucleof411re_clock.c.obj
                0x080021cc                platform_nucleof411re_clock_init
 .text.LL_GPIO_SetPinMode
                0x08002272       0x7a source/CMakeFiles/firmware.dir/__/lib/platform/nucleof411re/platform_nucleof411re_serial.c.obj
 .text.LL_GPIO_SetAFPin_0_7
                0x080022ec       0x7a source/CMakeFiles/firmware.dir/__/lib/platform/nucleof411re/platform_nucleof411re_serial.c.obj
 .text.LL_GPIO_SetAFPin_8_15
                0x08002366       0x7e source/CMakeFiles/firmware.dir/__/lib/platform/nucleof411re/platform_nucleof411re_serial.c.obj
 .text.LL_USART_Enable
                0x080023e4       0x20 source/CMakeFiles/firmware.dir/__/lib/platform/nucleof411re/platform_nucleof411re_serial.c.obj
 .text.LL_USART_SetTransferDirection
                0x08002404       0x4c source/CMakeFiles/firmware.dir/__/lib/platform/nucleof411re/platform_nucleof411re_serial.c.obj
 .text.LL_USART_SetParity
                0x08002450       0x26 source/CMakeFiles/firmware.dir/__/lib/platform/nucleof411re/platform_nucleof411re_serial.c.obj
 .text.LL_USART_SetDataWidth
                0x08002476       0x26 source/CMakeFiles/firmware.dir/__/lib/platform/nucleof411re/platform_nucleof411re_serial.c.obj
 .text.LL_USART_SetStopBitsLength
                0x0800249c       0x26 source/CMakeFiles/firmware.dir/__/lib/platform/nucleof411re/platform_nucleof411re_serial.c.obj
 *fill*         0x080024c2        0x2 
 .text.LL_USART_SetBaudRate
                0x080024c4      0x45c source/CMakeFiles/firmware.dir/__/lib/platform/nucleof411re/platform_nucleof411re_serial.c.obj
 .text.LL_USART_IsActiveFlag_TC
                0x08002920       0x26 source/CMakeFiles/firmware.dir/__/lib/platform/nucleof411re/platform_nucleof411re_serial.c.obj
 .text.LL_USART_IsActiveFlag_TXE
                0x08002946       0x26 source/CMakeFiles/firmware.dir/__/lib/platform/nucleof411re/platform_nucleof411re_serial.c.obj
 .text.LL_USART_TransmitData8
                0x0800296c       0x1e source/CMakeFiles/firmware.dir/__/lib/platform/nucleof411re/platform_nucleof411re_serial.c.obj
 *fill*         0x0800298a        0x2 
 .text.LL_AHB1_GRP1_EnableClock
                0x0800298c       0x30 source/CMakeFiles/firmware.dir/__/lib/platform/nucleof411re/platform_nucleof411re_serial.c.obj
 .text.LL_APB1_GRP1_EnableClock
                0x080029bc       0x30 source/CMakeFiles/firmware.dir/__/lib/platform/nucleof411re/platform_nucleof411re_serial.c.obj
 .text.init_uart_pin
                0x080029ec       0x48 source/CMakeFiles/firmware.dir/__/lib/platform/nucleof411re/platform_nucleof411re_serial.c.obj
 .text.init_uart
                0x08002a34       0x6c source/CMakeFiles/firmware.dir/__/lib/platform/nucleof411re/platform_nucleof411re_serial.c.obj
 .text.send_byte_blocking
                0x08002aa0       0x48 source/CMakeFiles/firmware.dir/__/lib/platform/nucleof411re/platform_nucleof411re_serial.c.obj
 .text.platform_nucleof411re_serial_init
                0x08002ae8       0x30 source/CMakeFiles/firmware.dir/__/lib/platform/nucleof411re/platform_nucleof411re_serial.c.obj
                0x08002ae8                platform_nucleof411re_serial_init
 .text._write   0x08002b18       0x3c source/CMakeFiles/firmware.dir/__/lib/platform/nucleof411re/platform_nucleof411re_serial.c.obj
                0x08002b18                _write
 .text.LL_GPIO_SetOutputPin
                0x08002b54       0x1c source/CMakeFiles/firmware.dir/__/lib/platform/nucleof411re/platform_nucleof411re_ili9486.c.obj
 .text.prv_res_pin_set
                0x08002b70       0x14 source/CMakeFiles/firmware.dir/__/lib/platform/nucleof411re/platform_nucleof411re_ili9486.c.obj
 .text.prv_res_pin_reset
                0x08002b84       0x14 source/CMakeFiles/firmware.dir/__/lib/platform/nucleof411re/platform_nucleof411re_ili9486.c.obj
 .text.platform_nucleof411re_ili9486_init
                0x08002b98       0x30 source/CMakeFiles/firmware.dir/__/lib/platform/nucleof411re/platform_nucleof411re_ili9486.c.obj
                0x08002b98                platform_nucleof411re_ili9486_init
 .text.ili9486_init
                0x08002bc8       0x34 source/CMakeFiles/firmware.dir/__/lib/platform/component/ili9486/ili9486.c.obj
                0x08002bc8                ili9486_init
 .text.SystemInit
                0x08002bfc       0x24 source/CMakeFiles/firmware.dir/__/third-party/stm32_driver/cmsis/device/source/system_stm32f4xx.c.obj
                0x08002bfc                SystemInit
 .text.SystemCoreClockUpdate
                0x08002c20      0x100 source/CMakeFiles/firmware.dir/__/third-party/stm32_driver/cmsis/device/source/system_stm32f4xx.c.obj
                0x08002c20                SystemCoreClockUpdate
 .text.Reset_Handler
                0x08002d20       0x50 source/CMakeFiles/firmware.dir/__/third-party/stm32_driver/cmsis/device/startup/startup_stm32f411xe.s.obj
                0x08002d20                Reset_Handler
 .text.Default_Handler
                0x08002d70        0x2 source/CMakeFiles/firmware.dir/__/third-party/stm32_driver/cmsis/device/startup/startup_stm32f411xe.s.obj
                0x08002d70                RTC_Alarm_IRQHandler
                0x08002d70                EXTI2_IRQHandler
                0x08002d70                DebugMon_Handler
                0x08002d70                SPI4_IRQHandler
                0x08002d70                TIM1_CC_IRQHandler
                0x08002d70                DMA2_Stream5_IRQHandler
                0x08002d70                HardFault_Handler
                0x08002d70                DMA1_Stream5_IRQHandler
                0x08002d70                SysTick_Handler
                0x08002d70                PVD_IRQHandler
                0x08002d70                SDIO_IRQHandler
                0x08002d70                TAMP_STAMP_IRQHandler
                0x08002d70                PendSV_Handler
                0x08002d70                NMI_Handler
                0x08002d70                EXTI3_IRQHandler
                0x08002d70                TIM1_UP_TIM10_IRQHandler
                0x08002d70                I2C3_ER_IRQHandler
                0x08002d70                EXTI0_IRQHandler
                0x08002d70                I2C2_EV_IRQHandler
                0x08002d70                DMA1_Stream2_IRQHandler
                0x08002d70                FPU_IRQHandler
                0x08002d70                UsageFault_Handler
                0x08002d70                DMA2_Stream2_IRQHandler
                0x08002d70                SPI1_IRQHandler
                0x08002d70                TIM1_BRK_TIM9_IRQHandler
                0x08002d70                DMA2_Stream3_IRQHandler
                0x08002d70                USART6_IRQHandler
                0x08002d70                DMA2_Stream0_IRQHandler
                0x08002d70                TIM4_IRQHandler
                0x08002d70                I2C1_EV_IRQHandler
                0x08002d70                DMA1_Stream6_IRQHandler
                0x08002d70                DMA1_Stream1_IRQHandler
                0x08002d70                TIM3_IRQHandler
                0x08002d70                RCC_IRQHandler
                0x08002d70                Default_Handler
                0x08002d70                EXTI15_10_IRQHandler
                0x08002d70                ADC_IRQHandler
                0x08002d70                DMA1_Stream7_IRQHandler
                0x08002d70                SPI5_IRQHandler
                0x08002d70                TIM5_IRQHandler
                0x08002d70                DMA2_Stream7_IRQHandler
                0x08002d70                I2C3_EV_IRQHandler
                0x08002d70                EXTI9_5_IRQHandler
                0x08002d70                RTC_WKUP_IRQHandler
                0x08002d70                SPI2_IRQHandler
                0x08002d70                MemManage_Handler
                0x08002d70                DMA1_Stream0_IRQHandler
                0x08002d70                SVC_Handler
                0x08002d70                EXTI4_IRQHandler
                0x08002d70                WWDG_IRQHandler
                0x08002d70                TIM2_IRQHandler
                0x08002d70                OTG_FS_WKUP_IRQHandler
                0x08002d70                TIM1_TRG_COM_TIM11_IRQHandler
                0x08002d70                EXTI1_IRQHandler
                0x08002d70                USART2_IRQHandler
                0x08002d70                I2C2_ER_IRQHandler
                0x08002d70                DMA2_Stream1_IRQHandler
                0x08002d70                FLASH_IRQHandler
                0x08002d70                DMA2_Stream4_IRQHandler
                0x08002d70                BusFault_Handler
                0x08002d70                USART1_IRQHandler
                0x08002d70                OTG_FS_IRQHandler
                0x08002d70                SPI3_IRQHandler
                0x08002d70                DMA1_Stream4_IRQHandler
                0x08002d70                I2C1_ER_IRQHandler
                0x08002d70                DMA2_Stream6_IRQHandler
                0x08002d70                DMA1_Stream3_IRQHandler
 *(.glue_7)
 .glue_7        0x08002d72        0x0 linker stubs
 *(.glue_7t)
 .glue_7t       0x08002d72        0x0 linker stubs
 *(.eh_frame)
 *fill*         0x08002d72        0x2 
 .eh_frame      0x08002d74        0x0 /usr/lib/gcc/arm-none-eabi/13.2.1/thumb/v7e-m+fp/hard/crtbegin.o
 *(.init)
 .init          0x08002d74        0x4 /usr/lib/gcc/arm-none-eabi/13.2.1/thumb/v7e-m+fp/hard/crti.o
                0x08002d74                _init
 .init          0x08002d78        0x8 /usr/lib/gcc/arm-none-eabi/13.2.1/thumb/v7e-m+fp/hard/crtn.o
 *(.fini)
 .fini          0x08002d80        0x4 /usr/lib/gcc/arm-none-eabi/13.2.1/thumb/v7e-m+fp/hard/crti.o
                0x08002d80                _fini
 .fini          0x08002d84        0x8 /usr/lib/gcc/arm-none-eabi/13.2.1/thumb/v7e-m+fp/hard/crtn.o
                0x08002d8c                        . = ALIGN (0x4)
                0x08002d8c                        _etext = .

.vfp11_veneer   0x08002d8c        0x0
 .vfp11_veneer  0x08002d8c        0x0 linker stubs

.v4_bx          0x08002d8c        0x0
 .v4_bx         0x08002d8c        0x0 linker stubs

.iplt           0x08002d8c        0x0
 .iplt          0x08002d8c        0x0 /usr/lib/gcc/arm-none-eabi/13.2.1/thumb/v7e-m+fp/hard/crtbegin.o

.rodata         0x08002d8c       0xc8
                0x08002d8c                        . = ALIGN (0x4)
 *(.rodata)
 .rodata        0x08002d8c        0xf source/CMakeFiles/firmware.dir/main.c.obj
 *(.rodata*)
 *fill*         0x08002d9b        0x1 
 .rodata.clock_config.0
                0x08002d9c       0x20 source/CMakeFiles/firmware.dir/__/lib/platform/nucleof411re/platform_nucleof411re.c.obj
 .rodata.serial_config.1
                0x08002dbc       0x1c source/CMakeFiles/firmware.dir/__/lib/platform/nucleof411re/platform_nucleof411re.c.obj
 .rodata.interface.0
                0x08002dd8       0x30 source/CMakeFiles/firmware.dir/__/lib/platform/nucleof411re/platform_nucleof411re_ili9486.c.obj
 .rodata.AHBPrescTable
                0x08002e08       0x10 source/CMakeFiles/firmware.dir/__/third-party/stm32_driver/cmsis/device/source/system_stm32f4xx.c.obj
                0x08002e08                AHBPrescTable
 .rodata.str1.4
                0x08002e18       0x39 /usr/lib/gcc/arm-none-eabi/13.2.1/../../../arm-none-eabi/lib/thumb/v7e-m+fp/hard/libg_nano.a(libc_a-nano-vfprintf.o)
                                 0x13 (size before relaxing)
 .rodata.str1.4
                0x08002e51       0x25 /usr/lib/gcc/arm-none-eabi/13.2.1/../../../arm-none-eabi/lib/thumb/v7e-m+fp/hard/libg_nano.a(libc_a-nano-vfprintf_i.o)
                0x08002e78                        . = ALIGN (0x4)
 *fill*         0x08002e51        0x3 

.ARM.extab      0x08002e54        0x0
                0x08002e54                        . = ALIGN (0x4)
 *(.ARM.extab* .gnu.linkonce.armextab.*)
                0x08002e54                        . = ALIGN (0x4)

.ARM            0x08002e54        0x8
                0x08002e54                        . = ALIGN (0x4)
                0x08002e54                        __exidx_start = .
 *(.ARM.exidx*)
 .ARM.exidx     0x08002e54        0x8 /usr/lib/gcc/arm-none-eabi/13.2.1/thumb/v7e-m+fp/hard/libgcc.a(_udivmoddi4.o)
 .ARM.exidx     0x08002e5c        0x0 /usr/lib/gcc/arm-none-eabi/13.2.1/../../../arm-none-eabi/lib/thumb/v7e-m+fp/hard/libg_nano.a(libc_a-memchr.o)
                                  0x8 (size before relaxing)
 .ARM.exidx     0x08002e5c        0x0 /usr/lib/gcc/arm-none-eabi/13.2.1/../../../arm-none-eabi/lib/thumb/v7e-m+fp/hard/libg_nano.a(libc_a-memcpy.o)
                                  0x8 (size before relaxing)
                0x08002e5c                        __exidx_end = .
                0x08002e5c                        . = ALIGN (0x4)

.preinit_array  0x08002e5c        0x0
                0x08002e5c                        . = ALIGN (0x4)
                0x08002e5c                        PROVIDE (__preinit_array_start = .)
 *(.preinit_array*)
                0x08002e5c                        PROVIDE (__preinit_array_end = .)
                0x08002e5c                        . = ALIGN (0x4)

.init_array     0x08002e5c        0x4
                0x08002e5c                        . = ALIGN (0x4)
                0x08002e5c                        PROVIDE (__init_array_start = .)
 *(SORT_BY_NAME(.init_array.*))
 *(.init_array*)
 .init_array    0x08002e5c        0x4 /usr/lib/gcc/arm-none-eabi/13.2.1/thumb/v7e-m+fp/hard/crtbegin.o
                0x08002e60                        PROVIDE (__init_array_end = .)
                0x08002e60                        . = ALIGN (0x4)

.fini_array     0x08002e60        0x4
                0x08002e60                        . = ALIGN (0x4)
                0x08002e60                        PROVIDE (__fini_array_start = .)
 *(SORT_BY_NAME(.fini_array.*))
 *(.fini_array*)
 .fini_array    0x08002e60        0x4 /usr/lib/gcc/arm-none-eabi/13.2.1/thumb/v7e-m+fp/hard/crtbegin.o
                0x08002e64                        PROVIDE (__fini_array_end = .)
                0x08002e64                        . = ALIGN (0x4)
                0x08002e64                        _sidata = LOADADDR (.data)

.rel.dyn        0x08002e64        0x0
 .rel.iplt      0x08002e64        0x0 /usr/lib/gcc/arm-none-eabi/13.2.1/thumb/v7e-m+fp/hard/crtbegin.o

.data           0x20000000       0x60 load address 0x08002e64
                0x20000000                        . = ALIGN (0x4)
                0x20000000                        _sdata = .
 *(.data)
 .data          0x20000000       0x50 /usr/lib/gcc/arm-none-eabi/13.2.1/../../../arm-none-eabi/lib/thumb/v7e-m+fp/hard/libg_nano.a(libc_a-impure.o)
                0x20000000                _impure_ptr
                0x20000004                _impure_data
 .data          0x20000050        0xc /usr/lib/gcc/arm-none-eabi/13.2.1/../../../arm-none-eabi/lib/thumb/v7e-m+fp/hard/libg_nano.a(libc_a-findfp.o)
                0x20000050                __sglue
 *(.data*)
 .data.SystemCoreClock
                0x2000005c        0x4 source/CMakeFiles/firmware.dir/__/third-party/stm32_driver/cmsis/device/source/system_stm32f4xx.c.obj
                0x2000005c                SystemCoreClock
 *(.RamFunc)
 *(.RamFunc*)
                0x20000060                        . = ALIGN (0x4)
                0x20000060                        _edata = .

.tm_clone_table
                0x20000060        0x0 load address 0x08002ec4
 .tm_clone_table
                0x20000060        0x0 /usr/lib/gcc/arm-none-eabi/13.2.1/thumb/v7e-m+fp/hard/crtbegin.o
 .tm_clone_table
                0x20000060        0x0 /usr/lib/gcc/arm-none-eabi/13.2.1/thumb/v7e-m+fp/hard/crtend.o

.igot.plt       0x20000060        0x0 load address 0x08002ec4
 .igot.plt      0x20000060        0x0 /usr/lib/gcc/arm-none-eabi/13.2.1/thumb/v7e-m+fp/hard/crtbegin.o
                0x20000060                        . = ALIGN (0x4)

.bss            0x20000060      0x19c load address 0x08002ec4
                0x20000060                        _sbss = .
                0x20000060                        __bss_start__ = _sbss
 *(.bss)
 .bss           0x20000060       0x1c /usr/lib/gcc/arm-none-eabi/13.2.1/thumb/v7e-m+fp/hard/crtbegin.o
 .bss           0x2000007c      0x13c /usr/lib/gcc/arm-none-eabi/13.2.1/../../../arm-none-eabi/lib/thumb/v7e-m+fp/hard/libg_nano.a(libc_a-findfp.o)
                0x2000007c                __sf
                0x200001b4                __stdio_exit_handler
 .bss           0x200001b8        0x8 /usr/lib/gcc/arm-none-eabi/13.2.1/../../../arm-none-eabi/lib/thumb/v7e-m+fp/hard/libg_nano.a(libc_a-mallocr.o)
                0x200001b8                __malloc_sbrk_start
                0x200001bc                __malloc_free_list
 .bss           0x200001c0        0x4 /usr/lib/gcc/arm-none-eabi/13.2.1/../../../arm-none-eabi/lib/thumb/v7e-m+fp/hard/libg_nano.a(libc_a-reent.o)
                0x200001c0                errno
 *(.bss*)
 .bss.__sbrk_heap_end
                0x200001c4        0x4 source/CMakeFiles/firmware.dir/sysmem.c.obj
 .bss.m_serial  0x200001c8        0x4 source/CMakeFiles/firmware.dir/__/lib/platform/nucleof411re/platform_nucleof411re_serial.c.obj
 .bss.s_interface
                0x200001cc       0x30 source/CMakeFiles/firmware.dir/__/lib/platform/component/ili9486/ili9486.c.obj
 *(COMMON)
                0x200001fc                        . = ALIGN (0x4)
                0x200001fc                        _ebss = .
                0x200001fc                        __bss_end__ = _ebss

._user_heap_stack
                0x200001fc      0x604 load address 0x08002ec4
                0x20000200                        . = ALIGN (0x8)
 *fill*         0x200001fc        0x4 
                [!provide]                        PROVIDE (end = .)
                0x20000200                        PROVIDE (_end = .)
                0x20000400                        . = (. + _Min_Heap_Size)
 *fill*         0x20000200      0x200 
                0x20000800                        . = (. + _Min_Stack_Size)
 *fill*         0x20000400      0x400 
                0x20000800                        . = ALIGN (0x8)

/DISCARD/
 libc.a(*)
 libm.a(*)
 libgcc.a(*)

.ARM.attributes
                0x00000000       0x30
 *(.ARM.attributes)
 .ARM.attributes
                0x00000000       0x22 /usr/lib/gcc/arm-none-eabi/13.2.1/thumb/v7e-m+fp/hard/crti.o
 .ARM.attributes
                0x00000022       0x34 /usr/lib/gcc/arm-none-eabi/13.2.1/thumb/v7e-m+fp/hard/crtbegin.o
 .ARM.attributes
                0x00000056       0x34 source/CMakeFiles/firmware.dir/syscalls.c.obj
 .ARM.attributes
                0x0000008a       0x34 source/CMakeFiles/firmware.dir/sysmem.c.obj
 .ARM.attributes
                0x000000be       0x34 source/CMakeFiles/firmware.dir/main.c.obj
 .ARM.attributes
                0x000000f2       0x34 source/CMakeFiles/firmware.dir/__/lib/bsp/bsp.c.obj
 .ARM.attributes
                0x00000126       0x34 source/CMakeFiles/firmware.dir/__/lib/platform/nucleof411re/platform_nucleof411re.c.obj
 .ARM.attributes
                0x0000015a       0x34 source/CMakeFiles/firmware.dir/__/lib/platform/nucleof411re/platform_nucleof411re_clock.c.obj
 .ARM.attributes
                0x0000018e       0x34 source/CMakeFiles/firmware.dir/__/lib/platform/nucleof411re/platform_nucleof411re_serial.c.obj
 .ARM.attributes
                0x000001c2       0x34 source/CMakeFiles/firmware.dir/__/lib/platform/nucleof411re/platform_nucleof411re_ili9486.c.obj
 .ARM.attributes
                0x000001f6       0x34 source/CMakeFiles/firmware.dir/__/lib/platform/component/ili9486/ili9486.c.obj
 .ARM.attributes
                0x0000022a       0x34 source/CMakeFiles/firmware.dir/__/third-party/stm32_driver/cmsis/device/source/system_stm32f4xx.c.obj
 .ARM.attributes
                0x0000025e       0x21 source/CMakeFiles/firmware.dir/__/third-party/stm32_driver/cmsis/device/startup/startup_stm32f411xe.s.obj
 .ARM.attributes
                0x0000027f       0x22 /usr/lib/gcc/arm-none-eabi/13.2.1/thumb/v7e-m+fp/hard/libgcc.a(_aeabi_uldivmod.o)
 .ARM.attributes
                0x000002a1       0x34 /usr/lib/gcc/arm-none-eabi/13.2.1/thumb/v7e-m+fp/hard/libgcc.a(_udivmoddi4.o)
 .ARM.attributes
                0x000002d5       0x22 /usr/lib/gcc/arm-none-eabi/13.2.1/thumb/v7e-m+fp/hard/libgcc.a(_dvmd_tls.o)
 .ARM.attributes
                0x000002f7       0x34 /usr/lib/gcc/arm-none-eabi/13.2.1/../../../arm-none-eabi/lib/thumb/v7e-m+fp/hard/libg_nano.a(libc_a-init.o)
 .ARM.attributes
                0x0000032b       0x34 /usr/lib/gcc/arm-none-eabi/13.2.1/../../../arm-none-eabi/lib/thumb/v7e-m+fp/hard/libg_nano.a(libc_a-memset.o)
 .ARM.attributes
                0x0000035f       0x34 /usr/lib/gcc/arm-none-eabi/13.2.1/../../../arm-none-eabi/lib/thumb/v7e-m+fp/hard/libg_nano.a(libc_a-errno.o)
 .ARM.attributes
                0x00000393       0x34 /usr/lib/gcc/arm-none-eabi/13.2.1/../../../arm-none-eabi/lib/thumb/v7e-m+fp/hard/libg_nano.a(libc_a-printf.o)
 .ARM.attributes
                0x000003c7       0x34 /usr/lib/gcc/arm-none-eabi/13.2.1/../../../arm-none-eabi/lib/thumb/v7e-m+fp/hard/libg_nano.a(libc_a-nano-vfprintf.o)
 .ARM.attributes
                0x000003fb       0x34 /usr/lib/gcc/arm-none-eabi/13.2.1/../../../arm-none-eabi/lib/thumb/v7e-m+fp/hard/libg_nano.a(libc_a-wbuf.o)
 .ARM.attributes
                0x0000042f       0x34 /usr/lib/gcc/arm-none-eabi/13.2.1/../../../arm-none-eabi/lib/thumb/v7e-m+fp/hard/libg_nano.a(libc_a-impure.o)
 .ARM.attributes
                0x00000463       0x34 /usr/lib/gcc/arm-none-eabi/13.2.1/../../../arm-none-eabi/lib/thumb/v7e-m+fp/hard/libg_nano.a(libc_a-fvwrite.o)
 .ARM.attributes
                0x00000497       0x34 /usr/lib/gcc/arm-none-eabi/13.2.1/../../../arm-none-eabi/lib/thumb/v7e-m+fp/hard/libg_nano.a(libc_a-findfp.o)
 .ARM.attributes
                0x000004cb       0x34 /usr/lib/gcc/arm-none-eabi/13.2.1/../../../arm-none-eabi/lib/thumb/v7e-m+fp/hard/libg_nano.a(libc_a-fflush.o)
 .ARM.attributes
                0x000004ff       0x34 /usr/lib/gcc/arm-none-eabi/13.2.1/../../../arm-none-eabi/lib/thumb/v7e-m+fp/hard/libg_nano.a(libc_a-mallocr.o)
 .ARM.attributes
                0x00000533       0x34 /usr/lib/gcc/arm-none-eabi/13.2.1/../../../arm-none-eabi/lib/thumb/v7e-m+fp/hard/libg_nano.a(libc_a-freer.o)
 .ARM.attributes
                0x00000567       0x34 /usr/lib/gcc/arm-none-eabi/13.2.1/../../../arm-none-eabi/lib/thumb/v7e-m+fp/hard/libg_nano.a(libc_a-memmove.o)
 .ARM.attributes
                0x0000059b       0x34 /usr/lib/gcc/arm-none-eabi/13.2.1/../../../arm-none-eabi/lib/thumb/v7e-m+fp/hard/libg_nano.a(libc_a-fwalk.o)
 .ARM.attributes
                0x000005cf       0x1c /usr/lib/gcc/arm-none-eabi/13.2.1/../../../arm-none-eabi/lib/thumb/v7e-m+fp/hard/libg_nano.a(libc_a-memchr.o)
 .ARM.attributes
                0x000005eb       0x34 /usr/lib/gcc/arm-none-eabi/13.2.1/../../../arm-none-eabi/lib/thumb/v7e-m+fp/hard/libg_nano.a(libc_a-wsetup.o)
 .ARM.attributes
                0x0000061f       0x20 /usr/lib/gcc/arm-none-eabi/13.2.1/../../../arm-none-eabi/lib/thumb/v7e-m+fp/hard/libg_nano.a(libc_a-memcpy.o)
 .ARM.attributes
                0x0000063f       0x34 /usr/lib/gcc/arm-none-eabi/13.2.1/../../../arm-none-eabi/lib/thumb/v7e-m+fp/hard/libg_nano.a(libc_a-reallocr.o)
 .ARM.attributes
                0x00000673       0x34 /usr/lib/gcc/arm-none-eabi/13.2.1/../../../arm-none-eabi/lib/thumb/v7e-m+fp/hard/libg_nano.a(libc_a-nano-vfprintf_i.o)
 .ARM.attributes
                0x000006a7       0x34 /usr/lib/gcc/arm-none-eabi/13.2.1/../../../arm-none-eabi/lib/thumb/v7e-m+fp/hard/libg_nano.a(libc_a-mlock.o)
 .ARM.attributes
                0x000006db       0x34 /usr/lib/gcc/arm-none-eabi/13.2.1/../../../arm-none-eabi/lib/thumb/v7e-m+fp/hard/libg_nano.a(libc_a-makebuf.o)
 .ARM.attributes
                0x0000070f       0x34 /usr/lib/gcc/arm-none-eabi/13.2.1/../../../arm-none-eabi/lib/thumb/v7e-m+fp/hard/libg_nano.a(libc_a-isattyr.o)
 .ARM.attributes
                0x00000743       0x34 /usr/lib/gcc/arm-none-eabi/13.2.1/../../../arm-none-eabi/lib/thumb/v7e-m+fp/hard/libg_nano.a(libc_a-sbrkr.o)
 .ARM.attributes
                0x00000777       0x34 /usr/lib/gcc/arm-none-eabi/13.2.1/../../../arm-none-eabi/lib/thumb/v7e-m+fp/hard/libg_nano.a(libc_a-stdio.o)
 .ARM.attributes
                0x000007ab       0x34 /usr/lib/gcc/arm-none-eabi/13.2.1/../../../arm-none-eabi/lib/thumb/v7e-m+fp/hard/libg_nano.a(libc_a-msizer.o)
 .ARM.attributes
                0x000007df       0x34 /usr/lib/gcc/arm-none-eabi/13.2.1/../../../arm-none-eabi/lib/thumb/v7e-m+fp/hard/libg_nano.a(libc_a-closer.o)
 .ARM.attributes
                0x00000813       0x34 /usr/lib/gcc/arm-none-eabi/13.2.1/../../../arm-none-eabi/lib/thumb/v7e-m+fp/hard/libg_nano.a(libc_a-readr.o)
 .ARM.attributes
                0x00000847       0x34 /usr/lib/gcc/arm-none-eabi/13.2.1/../../../arm-none-eabi/lib/thumb/v7e-m+fp/hard/libg_nano.a(libc_a-reent.o)
 .ARM.attributes
                0x0000087b       0x34 /usr/lib/gcc/arm-none-eabi/13.2.1/../../../arm-none-eabi/lib/thumb/v7e-m+fp/hard/libg_nano.a(libc_a-fstatr.o)
 .ARM.attributes
                0x000008af       0x34 /usr/lib/gcc/arm-none-eabi/13.2.1/../../../arm-none-eabi/lib/thumb/v7e-m+fp/hard/libg_nano.a(libc_a-lseekr.o)
 .ARM.attributes
                0x000008e3       0x34 /usr/lib/gcc/arm-none-eabi/13.2.1/../../../arm-none-eabi/lib/thumb/v7e-m+fp/hard/libg_nano.a(libc_a-writer.o)
 .ARM.attributes
                0x00000917       0x34 /usr/lib/gcc/arm-none-eabi/13.2.1/thumb/v7e-m+fp/hard/crtend.o
 .ARM.attributes
                0x0000094b       0x22 /usr/lib/gcc/arm-none-eabi/13.2.1/thumb/v7e-m+fp/hard/crtn.o
OUTPUT(source/firmware.elf elf32-littlearm)
LOAD linker stubs
LOAD /usr/lib/gcc/arm-none-eabi/13.2.1/../../../arm-none-eabi/lib/thumb/v7e-m+fp/hard/libc.a
LOAD /usr/lib/gcc/arm-none-eabi/13.2.1/../../../arm-none-eabi/lib/thumb/v7e-m+fp/hard/libm.a
LOAD /usr/lib/gcc/arm-none-eabi/13.2.1/thumb/v7e-m+fp/hard/libgcc.a

.comment        0x00000000       0x26
 .comment       0x00000000       0x26 /usr/lib/gcc/arm-none-eabi/13.2.1/thumb/v7e-m+fp/hard/crtbegin.o
                                 0x27 (size before relaxing)
 .comment       0x00000026       0x27 source/CMakeFiles/firmware.dir/syscalls.c.obj
 .comment       0x00000026       0x27 source/CMakeFiles/firmware.dir/sysmem.c.obj
 .comment       0x00000026       0x27 source/CMakeFiles/firmware.dir/main.c.obj
 .comment       0x00000026       0x27 source/CMakeFiles/firmware.dir/__/lib/bsp/bsp.c.obj
 .comment       0x00000026       0x27 source/CMakeFiles/firmware.dir/__/lib/platform/nucleof411re/platform_nucleof411re.c.obj
 .comment       0x00000026       0x27 source/CMakeFiles/firmware.dir/__/lib/platform/nucleof411re/platform_nucleof411re_clock.c.obj
 .comment       0x00000026       0x27 source/CMakeFiles/firmware.dir/__/lib/platform/nucleof411re/platform_nucleof411re_serial.c.obj
 .comment       0x00000026       0x27 source/CMakeFiles/firmware.dir/__/lib/platform/nucleof411re/platform_nucleof411re_ili9486.c.obj
 .comment       0x00000026       0x27 source/CMakeFiles/firmware.dir/__/lib/platform/component/ili9486/ili9486.c.obj
 .comment       0x00000026       0x27 source/CMakeFiles/firmware.dir/__/third-party/stm32_driver/cmsis/device/source/system_stm32f4xx.c.obj
 .comment       0x00000026       0x27 /usr/lib/gcc/arm-none-eabi/13.2.1/thumb/v7e-m+fp/hard/libgcc.a(_udivmoddi4.o)
 .comment       0x00000026       0x27 /usr/lib/gcc/arm-none-eabi/13.2.1/../../../arm-none-eabi/lib/thumb/v7e-m+fp/hard/libg_nano.a(libc_a-init.o)
 .comment       0x00000026       0x27 /usr/lib/gcc/arm-none-eabi/13.2.1/../../../arm-none-eabi/lib/thumb/v7e-m+fp/hard/libg_nano.a(libc_a-memset.o)
 .comment       0x00000026       0x27 /usr/lib/gcc/arm-none-eabi/13.2.1/../../../arm-none-eabi/lib/thumb/v7e-m+fp/hard/libg_nano.a(libc_a-errno.o)
 .comment       0x00000026       0x27 /usr/lib/gcc/arm-none-eabi/13.2.1/../../../arm-none-eabi/lib/thumb/v7e-m+fp/hard/libg_nano.a(libc_a-printf.o)
 .comment       0x00000026       0x27 /usr/lib/gcc/arm-none-eabi/13.2.1/../../../arm-none-eabi/lib/thumb/v7e-m+fp/hard/libg_nano.a(libc_a-nano-vfprintf.o)
 .comment       0x00000026       0x27 /usr/lib/gcc/arm-none-eabi/13.2.1/../../../arm-none-eabi/lib/thumb/v7e-m+fp/hard/libg_nano.a(libc_a-wbuf.o)
 .comment       0x00000026       0x27 /usr/lib/gcc/arm-none-eabi/13.2.1/../../../arm-none-eabi/lib/thumb/v7e-m+fp/hard/libg_nano.a(libc_a-impure.o)
 .comment       0x00000026       0x27 /usr/lib/gcc/arm-none-eabi/13.2.1/../../../arm-none-eabi/lib/thumb/v7e-m+fp/hard/libg_nano.a(libc_a-fvwrite.o)
 .comment       0x00000026       0x27 /usr/lib/gcc/arm-none-eabi/13.2.1/../../../arm-none-eabi/lib/thumb/v7e-m+fp/hard/libg_nano.a(libc_a-findfp.o)
 .comment       0x00000026       0x27 /usr/lib/gcc/arm-none-eabi/13.2.1/../../../arm-none-eabi/lib/thumb/v7e-m+fp/hard/libg_nano.a(libc_a-fflush.o)
 .comment       0x00000026       0x27 /usr/lib/gcc/arm-none-eabi/13.2.1/../../../arm-none-eabi/lib/thumb/v7e-m+fp/hard/libg_nano.a(libc_a-mallocr.o)
 .comment       0x00000026       0x27 /usr/lib/gcc/arm-none-eabi/13.2.1/../../../arm-none-eabi/lib/thumb/v7e-m+fp/hard/libg_nano.a(libc_a-freer.o)
 .comment       0x00000026       0x27 /usr/lib/gcc/arm-none-eabi/13.2.1/../../../arm-none-eabi/lib/thumb/v7e-m+fp/hard/libg_nano.a(libc_a-memmove.o)
 .comment       0x00000026       0x27 /usr/lib/gcc/arm-none-eabi/13.2.1/../../../arm-none-eabi/lib/thumb/v7e-m+fp/hard/libg_nano.a(libc_a-fwalk.o)
 .comment       0x00000026       0x27 /usr/lib/gcc/arm-none-eabi/13.2.1/../../../arm-none-eabi/lib/thumb/v7e-m+fp/hard/libg_nano.a(libc_a-wsetup.o)
 .comment       0x00000026       0x27 /usr/lib/gcc/arm-none-eabi/13.2.1/../../../arm-none-eabi/lib/thumb/v7e-m+fp/hard/libg_nano.a(libc_a-reallocr.o)
 .comment       0x00000026       0x27 /usr/lib/gcc/arm-none-eabi/13.2.1/../../../arm-none-eabi/lib/thumb/v7e-m+fp/hard/libg_nano.a(libc_a-nano-vfprintf_i.o)
 .comment       0x00000026       0x27 /usr/lib/gcc/arm-none-eabi/13.2.1/../../../arm-none-eabi/lib/thumb/v7e-m+fp/hard/libg_nano.a(libc_a-mlock.o)
 .comment       0x00000026       0x27 /usr/lib/gcc/arm-none-eabi/13.2.1/../../../arm-none-eabi/lib/thumb/v7e-m+fp/hard/libg_nano.a(libc_a-makebuf.o)
 .comment       0x00000026       0x27 /usr/lib/gcc/arm-none-eabi/13.2.1/../../../arm-none-eabi/lib/thumb/v7e-m+fp/hard/libg_nano.a(libc_a-isattyr.o)
 .comment       0x00000026       0x27 /usr/lib/gcc/arm-none-eabi/13.2.1/../../../arm-none-eabi/lib/thumb/v7e-m+fp/hard/libg_nano.a(libc_a-sbrkr.o)
 .comment       0x00000026       0x27 /usr/lib/gcc/arm-none-eabi/13.2.1/../../../arm-none-eabi/lib/thumb/v7e-m+fp/hard/libg_nano.a(libc_a-stdio.o)
 .comment       0x00000026       0x27 /usr/lib/gcc/arm-none-eabi/13.2.1/../../../arm-none-eabi/lib/thumb/v7e-m+fp/hard/libg_nano.a(libc_a-msizer.o)
 .comment       0x00000026       0x27 /usr/lib/gcc/arm-none-eabi/13.2.1/../../../arm-none-eabi/lib/thumb/v7e-m+fp/hard/libg_nano.a(libc_a-closer.o)
 .comment       0x00000026       0x27 /usr/lib/gcc/arm-none-eabi/13.2.1/../../../arm-none-eabi/lib/thumb/v7e-m+fp/hard/libg_nano.a(libc_a-readr.o)
 .comment       0x00000026       0x27 /usr/lib/gcc/arm-none-eabi/13.2.1/../../../arm-none-eabi/lib/thumb/v7e-m+fp/hard/libg_nano.a(libc_a-reent.o)
 .comment       0x00000026       0x27 /usr/lib/gcc/arm-none-eabi/13.2.1/../../../arm-none-eabi/lib/thumb/v7e-m+fp/hard/libg_nano.a(libc_a-fstatr.o)
 .comment       0x00000026       0x27 /usr/lib/gcc/arm-none-eabi/13.2.1/../../../arm-none-eabi/lib/thumb/v7e-m+fp/hard/libg_nano.a(libc_a-lseekr.o)
 .comment       0x00000026       0x27 /usr/lib/gcc/arm-none-eabi/13.2.1/../../../arm-none-eabi/lib/thumb/v7e-m+fp/hard/libg_nano.a(libc_a-writer.o)
 .comment       0x00000026       0x27 /usr/lib/gcc/arm-none-eabi/13.2.1/thumb/v7e-m+fp/hard/crtend.o

.debug_info     0x00000000    0x123f2
 .debug_info    0x00000000      0x6a3 source/CMakeFiles/firmware.dir/syscalls.c.obj
 .debug_info    0x000006a3      0x150 source/CMakeFiles/firmware.dir/sysmem.c.obj
 .debug_info    0x000007f3       0xf2 source/CMakeFiles/firmware.dir/main.c.obj
 .debug_info    0x000008e5       0x45 source/CMakeFiles/firmware.dir/__/lib/bsp/bsp.c.obj
 .debug_info    0x0000092a      0x372 source/CMakeFiles/firmware.dir/__/lib/platform/nucleof411re/platform_nucleof411re.c.obj
 .debug_info    0x00000c9c      0x5a1 source/CMakeFiles/firmware.dir/__/lib/platform/nucleof411re/platform_nucleof411re_clock.c.obj
 .debug_info    0x0000123d      0xb00 source/CMakeFiles/firmware.dir/__/lib/platform/nucleof411re/platform_nucleof411re_serial.c.obj
 .debug_info    0x00001d3d      0x54e source/CMakeFiles/firmware.dir/__/lib/platform/nucleof411re/platform_nucleof411re_ili9486.c.obj
 .debug_info    0x0000228b      0x177 source/CMakeFiles/firmware.dir/__/lib/platform/component/ili9486/ili9486.c.obj
 .debug_info    0x00002402      0x51d source/CMakeFiles/firmware.dir/__/third-party/stm32_driver/cmsis/device/source/system_stm32f4xx.c.obj
 .debug_info    0x0000291f       0x30 source/CMakeFiles/firmware.dir/__/third-party/stm32_driver/cmsis/device/startup/startup_stm32f411xe.s.obj
 .debug_info    0x0000294f       0x24 /usr/lib/gcc/arm-none-eabi/13.2.1/thumb/v7e-m+fp/hard/libgcc.a(_aeabi_uldivmod.o)
 .debug_info    0x00002973      0x6f5 /usr/lib/gcc/arm-none-eabi/13.2.1/thumb/v7e-m+fp/hard/libgcc.a(_udivmoddi4.o)
 .debug_info    0x00003068       0x3c /usr/lib/gcc/arm-none-eabi/13.2.1/thumb/v7e-m+fp/hard/libgcc.a(_dvmd_tls.o)
 .debug_info    0x000030a4      0x10b /usr/lib/gcc/arm-none-eabi/13.2.1/../../../arm-none-eabi/lib/thumb/v7e-m+fp/hard/libg_nano.a(libc_a-init.o)
 .debug_info    0x000031af      0x135 /usr/lib/gcc/arm-none-eabi/13.2.1/../../../arm-none-eabi/lib/thumb/v7e-m+fp/hard/libg_nano.a(libc_a-memset.o)
 .debug_info    0x000032e4      0x6f1 /usr/lib/gcc/arm-none-eabi/13.2.1/../../../arm-none-eabi/lib/thumb/v7e-m+fp/hard/libg_nano.a(libc_a-errno.o)
 .debug_info    0x000039d5      0x837 /usr/lib/gcc/arm-none-eabi/13.2.1/../../../arm-none-eabi/lib/thumb/v7e-m+fp/hard/libg_nano.a(libc_a-printf.o)
 .debug_info    0x0000420c     0x108a /usr/lib/gcc/arm-none-eabi/13.2.1/../../../arm-none-eabi/lib/thumb/v7e-m+fp/hard/libg_nano.a(libc_a-nano-vfprintf.o)
 .debug_info    0x00005296      0x863 /usr/lib/gcc/arm-none-eabi/13.2.1/../../../arm-none-eabi/lib/thumb/v7e-m+fp/hard/libg_nano.a(libc_a-wbuf.o)
 .debug_info    0x00005af9      0x70b /usr/lib/gcc/arm-none-eabi/13.2.1/../../../arm-none-eabi/lib/thumb/v7e-m+fp/hard/libg_nano.a(libc_a-impure.o)
 .debug_info    0x00006204      0xaf1 /usr/lib/gcc/arm-none-eabi/13.2.1/../../../arm-none-eabi/lib/thumb/v7e-m+fp/hard/libg_nano.a(libc_a-fvwrite.o)
 .debug_info    0x00006cf5      0xe8c /usr/lib/gcc/arm-none-eabi/13.2.1/../../../arm-none-eabi/lib/thumb/v7e-m+fp/hard/libg_nano.a(libc_a-findfp.o)
 .debug_info    0x00007b81      0xa33 /usr/lib/gcc/arm-none-eabi/13.2.1/../../../arm-none-eabi/lib/thumb/v7e-m+fp/hard/libg_nano.a(libc_a-fflush.o)
 .debug_info    0x000085b4      0x9b6 /usr/lib/gcc/arm-none-eabi/13.2.1/../../../arm-none-eabi/lib/thumb/v7e-m+fp/hard/libg_nano.a(libc_a-mallocr.o)
 .debug_info    0x00008f6a      0x87f /usr/lib/gcc/arm-none-eabi/13.2.1/../../../arm-none-eabi/lib/thumb/v7e-m+fp/hard/libg_nano.a(libc_a-freer.o)
 .debug_info    0x000097e9      0x148 /usr/lib/gcc/arm-none-eabi/13.2.1/../../../arm-none-eabi/lib/thumb/v7e-m+fp/hard/libg_nano.a(libc_a-memmove.o)
 .debug_info    0x00009931      0x7c8 /usr/lib/gcc/arm-none-eabi/13.2.1/../../../arm-none-eabi/lib/thumb/v7e-m+fp/hard/libg_nano.a(libc_a-fwalk.o)
 .debug_info    0x0000a0f9       0x25 /usr/lib/gcc/arm-none-eabi/13.2.1/../../../arm-none-eabi/lib/thumb/v7e-m+fp/hard/libg_nano.a(libc_a-memchr.o)
 .debug_info    0x0000a11e      0x7b1 /usr/lib/gcc/arm-none-eabi/13.2.1/../../../arm-none-eabi/lib/thumb/v7e-m+fp/hard/libg_nano.a(libc_a-wsetup.o)
 .debug_info    0x0000a8cf       0x33 /usr/lib/gcc/arm-none-eabi/13.2.1/../../../arm-none-eabi/lib/thumb/v7e-m+fp/hard/libg_nano.a(libc_a-memcpy.o)
 .debug_info    0x0000a902      0x8cd /usr/lib/gcc/arm-none-eabi/13.2.1/../../../arm-none-eabi/lib/thumb/v7e-m+fp/hard/libg_nano.a(libc_a-reallocr.o)
 .debug_info    0x0000b1cf      0xdd7 /usr/lib/gcc/arm-none-eabi/13.2.1/../../../arm-none-eabi/lib/thumb/v7e-m+fp/hard/libg_nano.a(libc_a-nano-vfprintf_i.o)
 .debug_info    0x0000bfa6      0x71c /usr/lib/gcc/arm-none-eabi/13.2.1/../../../arm-none-eabi/lib/thumb/v7e-m+fp/hard/libg_nano.a(libc_a-mlock.o)
 .debug_info    0x0000c6c2      0xbe6 /usr/lib/gcc/arm-none-eabi/13.2.1/../../../arm-none-eabi/lib/thumb/v7e-m+fp/hard/libg_nano.a(libc_a-makebuf.o)
 .debug_info    0x0000d2a8      0x752 /usr/lib/gcc/arm-none-eabi/13.2.1/../../../arm-none-eabi/lib/thumb/v7e-m+fp/hard/libg_nano.a(libc_a-isattyr.o)
 .debug_info    0x0000d9fa      0x778 /usr/lib/gcc/arm-none-eabi/13.2.1/../../../arm-none-eabi/lib/thumb/v7e-m+fp/hard/libg_nano.a(libc_a-sbrkr.o)
 .debug_info    0x0000e172      0xa80 /usr/lib/gcc/arm-none-eabi/13.2.1/../../../arm-none-eabi/lib/thumb/v7e-m+fp/hard/libg_nano.a(libc_a-stdio.o)
 .debug_info    0x0000ebf2      0x78a /usr/lib/gcc/arm-none-eabi/13.2.1/../../../arm-none-eabi/lib/thumb/v7e-m+fp/hard/libg_nano.a(libc_a-msizer.o)
 .debug_info    0x0000f37c      0x752 /usr/lib/gcc/arm-none-eabi/13.2.1/../../../arm-none-eabi/lib/thumb/v7e-m+fp/hard/libg_nano.a(libc_a-closer.o)
 .debug_info    0x0000face      0x7b5 /usr/lib/gcc/arm-none-eabi/13.2.1/../../../arm-none-eabi/lib/thumb/v7e-m+fp/hard/libg_nano.a(libc_a-readr.o)
 .debug_info    0x00010283      0x89f /usr/lib/gcc/arm-none-eabi/13.2.1/../../../arm-none-eabi/lib/thumb/v7e-m+fp/hard/libg_nano.a(libc_a-reent.o)
 .debug_info    0x00010b22      0x977 /usr/lib/gcc/arm-none-eabi/13.2.1/../../../arm-none-eabi/lib/thumb/v7e-m+fp/hard/libg_nano.a(libc_a-fstatr.o)
 .debug_info    0x00011499      0x79e /usr/lib/gcc/arm-none-eabi/13.2.1/../../../arm-none-eabi/lib/thumb/v7e-m+fp/hard/libg_nano.a(libc_a-lseekr.o)
 .debug_info    0x00011c37      0x7bb /usr/lib/gcc/arm-none-eabi/13.2.1/../../../arm-none-eabi/lib/thumb/v7e-m+fp/hard/libg_nano.a(libc_a-writer.o)

.debug_abbrev   0x00000000     0x475b
 .debug_abbrev  0x00000000      0x1b6 source/CMakeFiles/firmware.dir/syscalls.c.obj
 .debug_abbrev  0x000001b6       0xbc source/CMakeFiles/firmware.dir/sysmem.c.obj
 .debug_abbrev  0x00000272       0xcb source/CMakeFiles/firmware.dir/main.c.obj
 .debug_abbrev  0x0000033d       0x42 source/CMakeFiles/firmware.dir/__/lib/bsp/bsp.c.obj
 .debug_abbrev  0x0000037f      0x16a source/CMakeFiles/firmware.dir/__/lib/platform/nucleof411re/platform_nucleof411re.c.obj
 .debug_abbrev  0x000004e9      0x19a source/CMakeFiles/firmware.dir/__/lib/platform/nucleof411re/platform_nucleof411re_clock.c.obj
 .debug_abbrev  0x00000683      0x2b4 source/CMakeFiles/firmware.dir/__/lib/platform/nucleof411re/platform_nucleof411re_serial.c.obj
 .debug_abbrev  0x00000937      0x1f8 source/CMakeFiles/firmware.dir/__/lib/platform/nucleof411re/platform_nucleof411re_ili9486.c.obj
 .debug_abbrev  0x00000b2f       0xc1 source/CMakeFiles/firmware.dir/__/lib/platform/component/ili9486/ili9486.c.obj
 .debug_abbrev  0x00000bf0      0x11b source/CMakeFiles/firmware.dir/__/third-party/stm32_driver/cmsis/device/source/system_stm32f4xx.c.obj
 .debug_abbrev  0x00000d0b       0x24 source/CMakeFiles/firmware.dir/__/third-party/stm32_driver/cmsis/device/startup/startup_stm32f411xe.s.obj
 .debug_abbrev  0x00000d2f       0x14 /usr/lib/gcc/arm-none-eabi/13.2.1/thumb/v7e-m+fp/hard/libgcc.a(_aeabi_uldivmod.o)
 .debug_abbrev  0x00000d43      0x16a /usr/lib/gcc/arm-none-eabi/13.2.1/thumb/v7e-m+fp/hard/libgcc.a(_udivmoddi4.o)
 .debug_abbrev  0x00000ead       0x26 /usr/lib/gcc/arm-none-eabi/13.2.1/thumb/v7e-m+fp/hard/libgcc.a(_dvmd_tls.o)
 .debug_abbrev  0x00000ed3       0xc9 /usr/lib/gcc/arm-none-eabi/13.2.1/../../../arm-none-eabi/lib/thumb/v7e-m+fp/hard/libg_nano.a(libc_a-init.o)
 .debug_abbrev  0x00000f9c       0xb7 /usr/lib/gcc/arm-none-eabi/13.2.1/../../../arm-none-eabi/lib/thumb/v7e-m+fp/hard/libg_nano.a(libc_a-memset.o)
 .debug_abbrev  0x00001053      0x15e /usr/lib/gcc/arm-none-eabi/13.2.1/../../../arm-none-eabi/lib/thumb/v7e-m+fp/hard/libg_nano.a(libc_a-errno.o)
 .debug_abbrev  0x000011b1      0x21a /usr/lib/gcc/arm-none-eabi/13.2.1/../../../arm-none-eabi/lib/thumb/v7e-m+fp/hard/libg_nano.a(libc_a-printf.o)
 .debug_abbrev  0x000013cb      0x36e /usr/lib/gcc/arm-none-eabi/13.2.1/../../../arm-none-eabi/lib/thumb/v7e-m+fp/hard/libg_nano.a(libc_a-nano-vfprintf.o)
 .debug_abbrev  0x00001739      0x236 /usr/lib/gcc/arm-none-eabi/13.2.1/../../../arm-none-eabi/lib/thumb/v7e-m+fp/hard/libg_nano.a(libc_a-wbuf.o)
 .debug_abbrev  0x0000196f      0x149 /usr/lib/gcc/arm-none-eabi/13.2.1/../../../arm-none-eabi/lib/thumb/v7e-m+fp/hard/libg_nano.a(libc_a-impure.o)
 .debug_abbrev  0x00001ab8      0x21b /usr/lib/gcc/arm-none-eabi/13.2.1/../../../arm-none-eabi/lib/thumb/v7e-m+fp/hard/libg_nano.a(libc_a-fvwrite.o)
 .debug_abbrev  0x00001cd3      0x408 /usr/lib/gcc/arm-none-eabi/13.2.1/../../../arm-none-eabi/lib/thumb/v7e-m+fp/hard/libg_nano.a(libc_a-findfp.o)
 .debug_abbrev  0x000020db      0x2e4 /usr/lib/gcc/arm-none-eabi/13.2.1/../../../arm-none-eabi/lib/thumb/v7e-m+fp/hard/libg_nano.a(libc_a-fflush.o)
 .debug_abbrev  0x000023bf      0x24a /usr/lib/gcc/arm-none-eabi/13.2.1/../../../arm-none-eabi/lib/thumb/v7e-m+fp/hard/libg_nano.a(libc_a-mallocr.o)
 .debug_abbrev  0x00002609      0x249 /usr/lib/gcc/arm-none-eabi/13.2.1/../../../arm-none-eabi/lib/thumb/v7e-m+fp/hard/libg_nano.a(libc_a-freer.o)
 .debug_abbrev  0x00002852       0xc3 /usr/lib/gcc/arm-none-eabi/13.2.1/../../../arm-none-eabi/lib/thumb/v7e-m+fp/hard/libg_nano.a(libc_a-memmove.o)
 .debug_abbrev  0x00002915      0x19b /usr/lib/gcc/arm-none-eabi/13.2.1/../../../arm-none-eabi/lib/thumb/v7e-m+fp/hard/libg_nano.a(libc_a-fwalk.o)
 .debug_abbrev  0x00002ab0       0x14 /usr/lib/gcc/arm-none-eabi/13.2.1/../../../arm-none-eabi/lib/thumb/v7e-m+fp/hard/libg_nano.a(libc_a-memchr.o)
 .debug_abbrev  0x00002ac4      0x1e2 /usr/lib/gcc/arm-none-eabi/13.2.1/../../../arm-none-eabi/lib/thumb/v7e-m+fp/hard/libg_nano.a(libc_a-wsetup.o)
 .debug_abbrev  0x00002ca6       0x28 /usr/lib/gcc/arm-none-eabi/13.2.1/../../../arm-none-eabi/lib/thumb/v7e-m+fp/hard/libg_nano.a(libc_a-memcpy.o)
 .debug_abbrev  0x00002cce      0x20c /usr/lib/gcc/arm-none-eabi/13.2.1/../../../arm-none-eabi/lib/thumb/v7e-m+fp/hard/libg_nano.a(libc_a-reallocr.o)
 .debug_abbrev  0x00002eda      0x284 /usr/lib/gcc/arm-none-eabi/13.2.1/../../../arm-none-eabi/lib/thumb/v7e-m+fp/hard/libg_nano.a(libc_a-nano-vfprintf_i.o)
 .debug_abbrev  0x0000315e      0x192 /usr/lib/gcc/arm-none-eabi/13.2.1/../../../arm-none-eabi/lib/thumb/v7e-m+fp/hard/libg_nano.a(libc_a-mlock.o)
 .debug_abbrev  0x000032f0      0x29d /usr/lib/gcc/arm-none-eabi/13.2.1/../../../arm-none-eabi/lib/thumb/v7e-m+fp/hard/libg_nano.a(libc_a-makebuf.o)
 .debug_abbrev  0x0000358d      0x1b0 /usr/lib/gcc/arm-none-eabi/13.2.1/../../../arm-none-eabi/lib/thumb/v7e-m+fp/hard/libg_nano.a(libc_a-isattyr.o)
 .debug_abbrev  0x0000373d      0x1da /usr/lib/gcc/arm-none-eabi/13.2.1/../../../arm-none-eabi/lib/thumb/v7e-m+fp/hard/libg_nano.a(libc_a-sbrkr.o)
 .debug_abbrev  0x00003917      0x224 /usr/lib/gcc/arm-none-eabi/13.2.1/../../../arm-none-eabi/lib/thumb/v7e-m+fp/hard/libg_nano.a(libc_a-stdio.o)
 .debug_abbrev  0x00003b3b      0x196 /usr/lib/gcc/arm-none-eabi/13.2.1/../../../arm-none-eabi/lib/thumb/v7e-m+fp/hard/libg_nano.a(libc_a-msizer.o)
 .debug_abbrev  0x00003cd1      0x1b0 /usr/lib/gcc/arm-none-eabi/13.2.1/../../../arm-none-eabi/lib/thumb/v7e-m+fp/hard/libg_nano.a(libc_a-closer.o)
 .debug_abbrev  0x00003e81      0x1b0 /usr/lib/gcc/arm-none-eabi/13.2.1/../../../arm-none-eabi/lib/thumb/v7e-m+fp/hard/libg_nano.a(libc_a-readr.o)
 .debug_abbrev  0x00004031      0x1ee /usr/lib/gcc/arm-none-eabi/13.2.1/../../../arm-none-eabi/lib/thumb/v7e-m+fp/hard/libg_nano.a(libc_a-reent.o)
 .debug_abbrev  0x0000421f      0x1c3 /usr/lib/gcc/arm-none-eabi/13.2.1/../../../arm-none-eabi/lib/thumb/v7e-m+fp/hard/libg_nano.a(libc_a-fstatr.o)
 .debug_abbrev  0x000043e2      0x1c4 /usr/lib/gcc/arm-none-eabi/13.2.1/../../../arm-none-eabi/lib/thumb/v7e-m+fp/hard/libg_nano.a(libc_a-lseekr.o)
 .debug_abbrev  0x000045a6      0x1b5 /usr/lib/gcc/arm-none-eabi/13.2.1/../../../arm-none-eabi/lib/thumb/v7e-m+fp/hard/libg_nano.a(libc_a-writer.o)

.debug_aranges  0x00000000      0x778
 .debug_aranges
                0x00000000       0xa8 source/CMakeFiles/firmware.dir/syscalls.c.obj
 .debug_aranges
                0x000000a8       0x20 source/CMakeFiles/firmware.dir/sysmem.c.obj
 .debug_aranges
                0x000000c8       0x28 source/CMakeFiles/firmware.dir/main.c.obj
 .debug_aranges
                0x000000f0       0x20 source/CMakeFiles/firmware.dir/__/lib/bsp/bsp.c.obj
 .debug_aranges
                0x00000110       0x30 source/CMakeFiles/firmware.dir/__/lib/platform/nucleof411re/platform_nucleof411re.c.obj
 .debug_aranges
                0x00000140       0x98 source/CMakeFiles/firmware.dir/__/lib/platform/nucleof411re/platform_nucleof411re_clock.c.obj
 .debug_aranges
                0x000001d8       0xb0 source/CMakeFiles/firmware.dir/__/lib/platform/nucleof411re/platform_nucleof411re_serial.c.obj
 .debug_aranges
                0x00000288       0x48 source/CMakeFiles/firmware.dir/__/lib/platform/nucleof411re/platform_nucleof411re_ili9486.c.obj
 .debug_aranges
                0x000002d0       0x20 source/CMakeFiles/firmware.dir/__/lib/platform/component/ili9486/ili9486.c.obj
 .debug_aranges
                0x000002f0       0x28 source/CMakeFiles/firmware.dir/__/third-party/stm32_driver/cmsis/device/source/system_stm32f4xx.c.obj
 .debug_aranges
                0x00000318       0x28 source/CMakeFiles/firmware.dir/__/third-party/stm32_driver/cmsis/device/startup/startup_stm32f411xe.s.obj
 .debug_aranges
                0x00000340       0x20 /usr/lib/gcc/arm-none-eabi/13.2.1/thumb/v7e-m+fp/hard/libgcc.a(_aeabi_uldivmod.o)
 .debug_aranges
                0x00000360       0x20 /usr/lib/gcc/arm-none-eabi/13.2.1/thumb/v7e-m+fp/hard/libgcc.a(_udivmoddi4.o)
 .debug_aranges
                0x00000380       0x20 /usr/lib/gcc/arm-none-eabi/13.2.1/thumb/v7e-m+fp/hard/libgcc.a(_dvmd_tls.o)
 .debug_aranges
                0x000003a0       0x20 /usr/lib/gcc/arm-none-eabi/13.2.1/../../../arm-none-eabi/lib/thumb/v7e-m+fp/hard/libg_nano.a(libc_a-init.o)
 .debug_aranges
                0x000003c0       0x20 /usr/lib/gcc/arm-none-eabi/13.2.1/../../../arm-none-eabi/lib/thumb/v7e-m+fp/hard/libg_nano.a(libc_a-memset.o)
 .debug_aranges
                0x000003e0       0x20 /usr/lib/gcc/arm-none-eabi/13.2.1/../../../arm-none-eabi/lib/thumb/v7e-m+fp/hard/libg_nano.a(libc_a-errno.o)
 .debug_aranges
                0x00000400       0x20 /usr/lib/gcc/arm-none-eabi/13.2.1/../../../arm-none-eabi/lib/thumb/v7e-m+fp/hard/libg_nano.a(libc_a-printf.o)
 .debug_aranges
                0x00000420       0x20 /usr/lib/gcc/arm-none-eabi/13.2.1/../../../arm-none-eabi/lib/thumb/v7e-m+fp/hard/libg_nano.a(libc_a-nano-vfprintf.o)
 .debug_aranges
                0x00000440       0x20 /usr/lib/gcc/arm-none-eabi/13.2.1/../../../arm-none-eabi/lib/thumb/v7e-m+fp/hard/libg_nano.a(libc_a-wbuf.o)
 .debug_aranges
                0x00000460       0x18 /usr/lib/gcc/arm-none-eabi/13.2.1/../../../arm-none-eabi/lib/thumb/v7e-m+fp/hard/libg_nano.a(libc_a-impure.o)
 .debug_aranges
                0x00000478       0x20 /usr/lib/gcc/arm-none-eabi/13.2.1/../../../arm-none-eabi/lib/thumb/v7e-m+fp/hard/libg_nano.a(libc_a-fvwrite.o)
 .debug_aranges
                0x00000498       0x20 /usr/lib/gcc/arm-none-eabi/13.2.1/../../../arm-none-eabi/lib/thumb/v7e-m+fp/hard/libg_nano.a(libc_a-findfp.o)
 .debug_aranges
                0x000004b8       0x20 /usr/lib/gcc/arm-none-eabi/13.2.1/../../../arm-none-eabi/lib/thumb/v7e-m+fp/hard/libg_nano.a(libc_a-fflush.o)
 .debug_aranges
                0x000004d8       0x20 /usr/lib/gcc/arm-none-eabi/13.2.1/../../../arm-none-eabi/lib/thumb/v7e-m+fp/hard/libg_nano.a(libc_a-mallocr.o)
 .debug_aranges
                0x000004f8       0x20 /usr/lib/gcc/arm-none-eabi/13.2.1/../../../arm-none-eabi/lib/thumb/v7e-m+fp/hard/libg_nano.a(libc_a-freer.o)
 .debug_aranges
                0x00000518       0x20 /usr/lib/gcc/arm-none-eabi/13.2.1/../../../arm-none-eabi/lib/thumb/v7e-m+fp/hard/libg_nano.a(libc_a-memmove.o)
 .debug_aranges
                0x00000538       0x20 /usr/lib/gcc/arm-none-eabi/13.2.1/../../../arm-none-eabi/lib/thumb/v7e-m+fp/hard/libg_nano.a(libc_a-fwalk.o)
 .debug_aranges
                0x00000558       0x20 /usr/lib/gcc/arm-none-eabi/13.2.1/../../../arm-none-eabi/lib/thumb/v7e-m+fp/hard/libg_nano.a(libc_a-memchr.o)
 .debug_aranges
                0x00000578       0x20 /usr/lib/gcc/arm-none-eabi/13.2.1/../../../arm-none-eabi/lib/thumb/v7e-m+fp/hard/libg_nano.a(libc_a-wsetup.o)
 .debug_aranges
                0x00000598       0x20 /usr/lib/gcc/arm-none-eabi/13.2.1/../../../arm-none-eabi/lib/thumb/v7e-m+fp/hard/libg_nano.a(libc_a-memcpy.o)
 .debug_aranges
                0x000005b8       0x20 /usr/lib/gcc/arm-none-eabi/13.2.1/../../../arm-none-eabi/lib/thumb/v7e-m+fp/hard/libg_nano.a(libc_a-reallocr.o)
 .debug_aranges
                0x000005d8       0x20 /usr/lib/gcc/arm-none-eabi/13.2.1/../../../arm-none-eabi/lib/thumb/v7e-m+fp/hard/libg_nano.a(libc_a-nano-vfprintf_i.o)
 .debug_aranges
                0x000005f8       0x20 /usr/lib/gcc/arm-none-eabi/13.2.1/../../../arm-none-eabi/lib/thumb/v7e-m+fp/hard/libg_nano.a(libc_a-mlock.o)
 .debug_aranges
                0x00000618       0x20 /usr/lib/gcc/arm-none-eabi/13.2.1/../../../arm-none-eabi/lib/thumb/v7e-m+fp/hard/libg_nano.a(libc_a-makebuf.o)
 .debug_aranges
                0x00000638       0x20 /usr/lib/gcc/arm-none-eabi/13.2.1/../../../arm-none-eabi/lib/thumb/v7e-m+fp/hard/libg_nano.a(libc_a-isattyr.o)
 .debug_aranges
                0x00000658       0x20 /usr/lib/gcc/arm-none-eabi/13.2.1/../../../arm-none-eabi/lib/thumb/v7e-m+fp/hard/libg_nano.a(libc_a-sbrkr.o)
 .debug_aranges
                0x00000678       0x20 /usr/lib/gcc/arm-none-eabi/13.2.1/../../../arm-none-eabi/lib/thumb/v7e-m+fp/hard/libg_nano.a(libc_a-stdio.o)
 .debug_aranges
                0x00000698       0x20 /usr/lib/gcc/arm-none-eabi/13.2.1/../../../arm-none-eabi/lib/thumb/v7e-m+fp/hard/libg_nano.a(libc_a-msizer.o)
 .debug_aranges
                0x000006b8       0x20 /usr/lib/gcc/arm-none-eabi/13.2.1/../../../arm-none-eabi/lib/thumb/v7e-m+fp/hard/libg_nano.a(libc_a-closer.o)
 .debug_aranges
                0x000006d8       0x20 /usr/lib/gcc/arm-none-eabi/13.2.1/../../../arm-none-eabi/lib/thumb/v7e-m+fp/hard/libg_nano.a(libc_a-readr.o)
 .debug_aranges
                0x000006f8       0x20 /usr/lib/gcc/arm-none-eabi/13.2.1/../../../arm-none-eabi/lib/thumb/v7e-m+fp/hard/libg_nano.a(libc_a-reent.o)
 .debug_aranges
                0x00000718       0x20 /usr/lib/gcc/arm-none-eabi/13.2.1/../../../arm-none-eabi/lib/thumb/v7e-m+fp/hard/libg_nano.a(libc_a-fstatr.o)
 .debug_aranges
                0x00000738       0x20 /usr/lib/gcc/arm-none-eabi/13.2.1/../../../arm-none-eabi/lib/thumb/v7e-m+fp/hard/libg_nano.a(libc_a-lseekr.o)
 .debug_aranges
                0x00000758       0x20 /usr/lib/gcc/arm-none-eabi/13.2.1/../../../arm-none-eabi/lib/thumb/v7e-m+fp/hard/libg_nano.a(libc_a-writer.o)

.debug_rnglists
                0x00000000      0x4be
 .debug_rnglists
                0x00000000       0x79 source/CMakeFiles/firmware.dir/syscalls.c.obj
 .debug_rnglists
                0x00000079       0x13 source/CMakeFiles/firmware.dir/sysmem.c.obj
 .debug_rnglists
                0x0000008c       0x19 source/CMakeFiles/firmware.dir/main.c.obj
 .debug_rnglists
                0x000000a5       0x13 source/CMakeFiles/firmware.dir/__/lib/bsp/bsp.c.obj
 .debug_rnglists
                0x000000b8       0x1f source/CMakeFiles/firmware.dir/__/lib/platform/nucleof411re/platform_nucleof411re.c.obj
 .debug_rnglists
                0x000000d7       0x6e source/CMakeFiles/firmware.dir/__/lib/platform/nucleof411re/platform_nucleof411re_clock.c.obj
 .debug_rnglists
                0x00000145       0x80 source/CMakeFiles/firmware.dir/__/lib/platform/nucleof411re/platform_nucleof411re_serial.c.obj
 .debug_rnglists
                0x000001c5       0x31 source/CMakeFiles/firmware.dir/__/lib/platform/nucleof411re/platform_nucleof411re_ili9486.c.obj
 .debug_rnglists
                0x000001f6       0x13 source/CMakeFiles/firmware.dir/__/lib/platform/component/ili9486/ili9486.c.obj
 .debug_rnglists
                0x00000209       0x1a source/CMakeFiles/firmware.dir/__/third-party/stm32_driver/cmsis/device/source/system_stm32f4xx.c.obj
 .debug_rnglists
                0x00000223       0x19 source/CMakeFiles/firmware.dir/__/third-party/stm32_driver/cmsis/device/startup/startup_stm32f411xe.s.obj
 .debug_rnglists
                0x0000023c       0x84 /usr/lib/gcc/arm-none-eabi/13.2.1/thumb/v7e-m+fp/hard/libgcc.a(_udivmoddi4.o)
 .debug_rnglists
                0x000002c0       0x1c /usr/lib/gcc/arm-none-eabi/13.2.1/../../../arm-none-eabi/lib/thumb/v7e-m+fp/hard/libg_nano.a(libc_a-nano-vfprintf.o)
 .debug_rnglists
                0x000002dc       0x18 /usr/lib/gcc/arm-none-eabi/13.2.1/../../../arm-none-eabi/lib/thumb/v7e-m+fp/hard/libg_nano.a(libc_a-wbuf.o)
 .debug_rnglists
                0x000002f4       0x2b /usr/lib/gcc/arm-none-eabi/13.2.1/../../../arm-none-eabi/lib/thumb/v7e-m+fp/hard/libg_nano.a(libc_a-fvwrite.o)
 .debug_rnglists
                0x0000031f       0x77 /usr/lib/gcc/arm-none-eabi/13.2.1/../../../arm-none-eabi/lib/thumb/v7e-m+fp/hard/libg_nano.a(libc_a-findfp.o)
 .debug_rnglists
                0x00000396       0x59 /usr/lib/gcc/arm-none-eabi/13.2.1/../../../arm-none-eabi/lib/thumb/v7e-m+fp/hard/libg_nano.a(libc_a-fflush.o)
 .debug_rnglists
                0x000003ef       0x1e /usr/lib/gcc/arm-none-eabi/13.2.1/../../../arm-none-eabi/lib/thumb/v7e-m+fp/hard/libg_nano.a(libc_a-mallocr.o)
 .debug_rnglists
                0x0000040d       0x13 /usr/lib/gcc/arm-none-eabi/13.2.1/../../../arm-none-eabi/lib/thumb/v7e-m+fp/hard/libg_nano.a(libc_a-freer.o)
 .debug_rnglists
                0x00000420       0x1b /usr/lib/gcc/arm-none-eabi/13.2.1/../../../arm-none-eabi/lib/thumb/v7e-m+fp/hard/libg_nano.a(libc_a-wsetup.o)
 .debug_rnglists
                0x0000043b       0x66 /usr/lib/gcc/arm-none-eabi/13.2.1/../../../arm-none-eabi/lib/thumb/v7e-m+fp/hard/libg_nano.a(libc_a-nano-vfprintf_i.o)
 .debug_rnglists
                0x000004a1       0x1d /usr/lib/gcc/arm-none-eabi/13.2.1/../../../arm-none-eabi/lib/thumb/v7e-m+fp/hard/libg_nano.a(libc_a-makebuf.o)

.debug_macro    0x00000000    0x10bcc
 .debug_macro   0x00000000      0x24c source/CMakeFiles/firmware.dir/syscalls.c.obj
 .debug_macro   0x0000024c      0xad8 source/CMakeFiles/firmware.dir/syscalls.c.obj
 .debug_macro   0x00000d24       0x22 source/CMakeFiles/firmware.dir/syscalls.c.obj
 .debug_macro   0x00000d46       0x60 source/CMakeFiles/firmware.dir/syscalls.c.obj
 .debug_macro   0x00000da6       0x2a source/CMakeFiles/firmware.dir/syscalls.c.obj
 .debug_macro   0x00000dd0       0x94 source/CMakeFiles/firmware.dir/syscalls.c.obj
 .debug_macro   0x00000e64       0x3c source/CMakeFiles/firmware.dir/syscalls.c.obj
 .debug_macro   0x00000ea0       0x34 source/CMakeFiles/firmware.dir/syscalls.c.obj
 .debug_macro   0x00000ed4       0x57 source/CMakeFiles/firmware.dir/syscalls.c.obj
 .debug_macro   0x00000f2b      0x190 source/CMakeFiles/firmware.dir/syscalls.c.obj
 .debug_macro   0x000010bb      0x370 source/CMakeFiles/firmware.dir/syscalls.c.obj
 .debug_macro   0x0000142b       0x16 source/CMakeFiles/firmware.dir/syscalls.c.obj
 .debug_macro   0x00001441       0x4a source/CMakeFiles/firmware.dir/syscalls.c.obj
 .debug_macro   0x0000148b       0x34 source/CMakeFiles/firmware.dir/syscalls.c.obj
 .debug_macro   0x000014bf       0x10 source/CMakeFiles/firmware.dir/syscalls.c.obj
 .debug_macro   0x000014cf       0x52 source/CMakeFiles/firmware.dir/syscalls.c.obj
 .debug_macro   0x00001521      0x1de source/CMakeFiles/firmware.dir/syscalls.c.obj
 .debug_macro   0x000016ff       0x10 source/CMakeFiles/firmware.dir/syscalls.c.obj
 .debug_macro   0x0000170f       0x3c source/CMakeFiles/firmware.dir/syscalls.c.obj
 .debug_macro   0x0000174b       0x10 source/CMakeFiles/firmware.dir/syscalls.c.obj
 .debug_macro   0x0000175b       0x10 source/CMakeFiles/firmware.dir/syscalls.c.obj
 .debug_macro   0x0000176b       0x10 source/CMakeFiles/firmware.dir/syscalls.c.obj
 .debug_macro   0x0000177b       0x6a source/CMakeFiles/firmware.dir/syscalls.c.obj
 .debug_macro   0x000017e5       0x1c source/CMakeFiles/firmware.dir/syscalls.c.obj
 .debug_macro   0x00001801       0x52 source/CMakeFiles/firmware.dir/syscalls.c.obj
 .debug_macro   0x00001853       0x22 source/CMakeFiles/firmware.dir/syscalls.c.obj
 .debug_macro   0x00001875       0x10 source/CMakeFiles/firmware.dir/syscalls.c.obj
 .debug_macro   0x00001885       0x52 source/CMakeFiles/firmware.dir/syscalls.c.obj
 .debug_macro   0x000018d7       0xcf source/CMakeFiles/firmware.dir/syscalls.c.obj
 .debug_macro   0x000019a6       0x1c source/CMakeFiles/firmware.dir/syscalls.c.obj
 .debug_macro   0x000019c2       0x3d source/CMakeFiles/firmware.dir/syscalls.c.obj
 .debug_macro   0x000019ff       0x35 source/CMakeFiles/firmware.dir/syscalls.c.obj
 .debug_macro   0x00001a34      0x12c source/CMakeFiles/firmware.dir/syscalls.c.obj
 .debug_macro   0x00001b60       0x16 source/CMakeFiles/firmware.dir/syscalls.c.obj
 .debug_macro   0x00001b76       0x16 source/CMakeFiles/firmware.dir/syscalls.c.obj
 .debug_macro   0x00001b8c       0x29 source/CMakeFiles/firmware.dir/syscalls.c.obj
 .debug_macro   0x00001bb5       0x10 source/CMakeFiles/firmware.dir/syscalls.c.obj
 .debug_macro   0x00001bc5      0x242 source/CMakeFiles/firmware.dir/syscalls.c.obj
 .debug_macro   0x00001e07       0x1c source/CMakeFiles/firmware.dir/syscalls.c.obj
 .debug_macro   0x00001e23       0x10 source/CMakeFiles/firmware.dir/syscalls.c.obj
 .debug_macro   0x00001e33       0x10 source/CMakeFiles/firmware.dir/syscalls.c.obj
 .debug_macro   0x00001e43       0x16 source/CMakeFiles/firmware.dir/syscalls.c.obj
 .debug_macro   0x00001e59      0x170 source/CMakeFiles/firmware.dir/syscalls.c.obj
 .debug_macro   0x00001fc9      0x34e source/CMakeFiles/firmware.dir/syscalls.c.obj
 .debug_macro   0x00002317      0x18a source/CMakeFiles/firmware.dir/syscalls.c.obj
 .debug_macro   0x000024a1       0x16 source/CMakeFiles/firmware.dir/syscalls.c.obj
 .debug_macro   0x000024b7       0xce source/CMakeFiles/firmware.dir/syscalls.c.obj
 .debug_macro   0x00002585       0xdd source/CMakeFiles/firmware.dir/sysmem.c.obj
 .debug_macro   0x00002662      0x23c source/CMakeFiles/firmware.dir/sysmem.c.obj
 .debug_macro   0x0000289e      0x113 source/CMakeFiles/firmware.dir/main.c.obj
 .debug_macro   0x000029b1       0x16 source/CMakeFiles/firmware.dir/main.c.obj
 .debug_macro   0x000029c7       0x9e source/CMakeFiles/firmware.dir/main.c.obj
 .debug_macro   0x00002a65      0x112 source/CMakeFiles/firmware.dir/main.c.obj
 .debug_macro   0x00002b77       0x16 source/CMakeFiles/firmware.dir/main.c.obj
 .debug_macro   0x00002b8d       0x25 source/CMakeFiles/firmware.dir/__/lib/bsp/bsp.c.obj
 .debug_macro   0x00002bb2       0xf2 source/CMakeFiles/firmware.dir/__/lib/platform/nucleof411re/platform_nucleof411re.c.obj
 .debug_macro   0x00002ca4       0x2e source/CMakeFiles/firmware.dir/__/lib/platform/nucleof411re/platform_nucleof411re.c.obj
 .debug_macro   0x00002cd2       0x28 source/CMakeFiles/firmware.dir/__/lib/platform/nucleof411re/platform_nucleof411re.c.obj
 .debug_macro   0x00002cfa       0x1c source/CMakeFiles/firmware.dir/__/lib/platform/nucleof411re/platform_nucleof411re.c.obj
 .debug_macro   0x00002d16       0x22 source/CMakeFiles/firmware.dir/__/lib/platform/nucleof411re/platform_nucleof411re.c.obj
 .debug_macro   0x00002d38     0x1011 source/CMakeFiles/firmware.dir/__/lib/platform/nucleof411re/platform_nucleof411re.c.obj
 .debug_macro   0x00003d49      0x11f source/CMakeFiles/firmware.dir/__/lib/platform/nucleof411re/platform_nucleof411re.c.obj
 .debug_macro   0x00003e68     0xb953 source/CMakeFiles/firmware.dir/__/lib/platform/nucleof411re/platform_nucleof411re.c.obj
 .debug_macro   0x0000f7bb       0x6d source/CMakeFiles/firmware.dir/__/lib/platform/nucleof411re/platform_nucleof411re.c.obj
 .debug_macro   0x0000f828      0x143 source/CMakeFiles/firmware.dir/__/lib/platform/nucleof411re/platform_nucleof411re.c.obj
 .debug_macro   0x0000f96b      0x1bb source/CMakeFiles/firmware.dir/__/lib/platform/nucleof411re/platform_nucleof411re.c.obj
 .debug_macro   0x0000fb26      0x11d source/CMakeFiles/firmware.dir/__/lib/platform/nucleof411re/platform_nucleof411re.c.obj
 .debug_macro   0x0000fc43       0xbc source/CMakeFiles/firmware.dir/__/lib/platform/nucleof411re/platform_nucleof411re.c.obj
 .debug_macro   0x0000fcff      0x7a6 source/CMakeFiles/firmware.dir/__/lib/platform/nucleof411re/platform_nucleof411re.c.obj
 .debug_macro   0x000104a5      0x1ab source/CMakeFiles/firmware.dir/__/lib/platform/nucleof411re/platform_nucleof411re.c.obj
 .debug_macro   0x00010650       0xb9 source/CMakeFiles/firmware.dir/__/lib/platform/nucleof411re/platform_nucleof411re_clock.c.obj
 .debug_macro   0x00010709      0x117 source/CMakeFiles/firmware.dir/__/lib/platform/nucleof411re/platform_nucleof411re_clock.c.obj
 .debug_macro   0x00010820       0xc2 source/CMakeFiles/firmware.dir/__/lib/platform/nucleof411re/platform_nucleof411re_serial.c.obj
 .debug_macro   0x000108e2       0x22 source/CMakeFiles/firmware.dir/__/lib/platform/nucleof411re/platform_nucleof411re_serial.c.obj
 .debug_macro   0x00010904       0xca source/CMakeFiles/firmware.dir/__/lib/platform/nucleof411re/platform_nucleof411re_ili9486.c.obj
 .debug_macro   0x000109ce      0x149 source/CMakeFiles/firmware.dir/__/lib/platform/nucleof411re/platform_nucleof411re_ili9486.c.obj
 .debug_macro   0x00010b17       0x24 source/CMakeFiles/firmware.dir/__/lib/platform/component/ili9486/ili9486.c.obj
 .debug_macro   0x00010b3b       0x91 source/CMakeFiles/firmware.dir/__/third-party/stm32_driver/cmsis/device/source/system_stm32f4xx.c.obj

.debug_line     0x00000000     0x7388
 .debug_line    0x00000000      0x501 source/CMakeFiles/firmware.dir/syscalls.c.obj
 .debug_line    0x00000501      0x1d0 source/CMakeFiles/firmware.dir/sysmem.c.obj
 .debug_line    0x000006d1      0x215 source/CMakeFiles/firmware.dir/main.c.obj
 .debug_line    0x000008e6       0xac source/CMakeFiles/firmware.dir/__/lib/bsp/bsp.c.obj
 .debug_line    0x00000992      0x3d9 source/CMakeFiles/firmware.dir/__/lib/platform/nucleof411re/platform_nucleof411re.c.obj
 .debug_line    0x00000d6b      0x4d5 source/CMakeFiles/firmware.dir/__/lib/platform/nucleof411re/platform_nucleof411re_clock.c.obj
 .debug_line    0x00001240      0x67a source/CMakeFiles/firmware.dir/__/lib/platform/nucleof411re/platform_nucleof411re_serial.c.obj
 .debug_line    0x000018ba      0x378 source/CMakeFiles/firmware.dir/__/lib/platform/nucleof411re/platform_nucleof411re_ili9486.c.obj
 .debug_line    0x00001c32       0xc2 source/CMakeFiles/firmware.dir/__/lib/platform/component/ili9486/ili9486.c.obj
 .debug_line    0x00001cf4      0x276 source/CMakeFiles/firmware.dir/__/third-party/stm32_driver/cmsis/device/source/system_stm32f4xx.c.obj
 .debug_line    0x00001f6a       0x7a source/CMakeFiles/firmware.dir/__/third-party/stm32_driver/cmsis/device/startup/startup_stm32f411xe.s.obj
 .debug_line    0x00001fe4       0x4e /usr/lib/gcc/arm-none-eabi/13.2.1/thumb/v7e-m+fp/hard/libgcc.a(_aeabi_uldivmod.o)
 .debug_line    0x00002032      0x574 /usr/lib/gcc/arm-none-eabi/13.2.1/thumb/v7e-m+fp/hard/libgcc.a(_udivmoddi4.o)
 .debug_line    0x000025a6       0x4a /usr/lib/gcc/arm-none-eabi/13.2.1/thumb/v7e-m+fp/hard/libgcc.a(_dvmd_tls.o)
 .debug_line    0x000025f0      0x11e /usr/lib/gcc/arm-none-eabi/13.2.1/../../../arm-none-eabi/lib/thumb/v7e-m+fp/hard/libg_nano.a(libc_a-init.o)
 .debug_line    0x0000270e      0x1b6 /usr/lib/gcc/arm-none-eabi/13.2.1/../../../arm-none-eabi/lib/thumb/v7e-m+fp/hard/libg_nano.a(libc_a-memset.o)
 .debug_line    0x000028c4      0x10c /usr/lib/gcc/arm-none-eabi/13.2.1/../../../arm-none-eabi/lib/thumb/v7e-m+fp/hard/libg_nano.a(libc_a-errno.o)
 .debug_line    0x000029d0      0x1c5 /usr/lib/gcc/arm-none-eabi/13.2.1/../../../arm-none-eabi/lib/thumb/v7e-m+fp/hard/libg_nano.a(libc_a-printf.o)
 .debug_line    0x00002b95      0x6c5 /usr/lib/gcc/arm-none-eabi/13.2.1/../../../arm-none-eabi/lib/thumb/v7e-m+fp/hard/libg_nano.a(libc_a-nano-vfprintf.o)
 .debug_line    0x0000325a      0x256 /usr/lib/gcc/arm-none-eabi/13.2.1/../../../arm-none-eabi/lib/thumb/v7e-m+fp/hard/libg_nano.a(libc_a-wbuf.o)
 .debug_line    0x000034b0       0xe7 /usr/lib/gcc/arm-none-eabi/13.2.1/../../../arm-none-eabi/lib/thumb/v7e-m+fp/hard/libg_nano.a(libc_a-impure.o)
 .debug_line    0x00003597      0x5ec /usr/lib/gcc/arm-none-eabi/13.2.1/../../../arm-none-eabi/lib/thumb/v7e-m+fp/hard/libg_nano.a(libc_a-fvwrite.o)
 .debug_line    0x00003b83      0x4fc /usr/lib/gcc/arm-none-eabi/13.2.1/../../../arm-none-eabi/lib/thumb/v7e-m+fp/hard/libg_nano.a(libc_a-findfp.o)
 .debug_line    0x0000407f      0x446 /usr/lib/gcc/arm-none-eabi/13.2.1/../../../arm-none-eabi/lib/thumb/v7e-m+fp/hard/libg_nano.a(libc_a-fflush.o)
 .debug_line    0x000044c5      0x446 /usr/lib/gcc/arm-none-eabi/13.2.1/../../../arm-none-eabi/lib/thumb/v7e-m+fp/hard/libg_nano.a(libc_a-mallocr.o)
 .debug_line    0x0000490b      0x2c3 /usr/lib/gcc/arm-none-eabi/13.2.1/../../../arm-none-eabi/lib/thumb/v7e-m+fp/hard/libg_nano.a(libc_a-freer.o)
 .debug_line    0x00004bce      0x1f1 /usr/lib/gcc/arm-none-eabi/13.2.1/../../../arm-none-eabi/lib/thumb/v7e-m+fp/hard/libg_nano.a(libc_a-memmove.o)
 .debug_line    0x00004dbf      0x1d1 /usr/lib/gcc/arm-none-eabi/13.2.1/../../../arm-none-eabi/lib/thumb/v7e-m+fp/hard/libg_nano.a(libc_a-fwalk.o)
 .debug_line    0x00004f90       0x84 /usr/lib/gcc/arm-none-eabi/13.2.1/../../../arm-none-eabi/lib/thumb/v7e-m+fp/hard/libg_nano.a(libc_a-memchr.o)
 .debug_line    0x00005014      0x2b0 /usr/lib/gcc/arm-none-eabi/13.2.1/../../../arm-none-eabi/lib/thumb/v7e-m+fp/hard/libg_nano.a(libc_a-wsetup.o)
 .debug_line    0x000052c4       0xb9 /usr/lib/gcc/arm-none-eabi/13.2.1/../../../arm-none-eabi/lib/thumb/v7e-m+fp/hard/libg_nano.a(libc_a-memcpy.o)
 .debug_line    0x0000537d      0x1f8 /usr/lib/gcc/arm-none-eabi/13.2.1/../../../arm-none-eabi/lib/thumb/v7e-m+fp/hard/libg_nano.a(libc_a-reallocr.o)
 .debug_line    0x00005575      0x75d /usr/lib/gcc/arm-none-eabi/13.2.1/../../../arm-none-eabi/lib/thumb/v7e-m+fp/hard/libg_nano.a(libc_a-nano-vfprintf_i.o)
 .debug_line    0x00005cd2      0x153 /usr/lib/gcc/arm-none-eabi/13.2.1/../../../arm-none-eabi/lib/thumb/v7e-m+fp/hard/libg_nano.a(libc_a-mlock.o)
 .debug_line    0x00005e25      0x3a7 /usr/lib/gcc/arm-none-eabi/13.2.1/../../../arm-none-eabi/lib/thumb/v7e-m+fp/hard/libg_nano.a(libc_a-makebuf.o)
 .debug_line    0x000061cc      0x194 /usr/lib/gcc/arm-none-eabi/13.2.1/../../../arm-none-eabi/lib/thumb/v7e-m+fp/hard/libg_nano.a(libc_a-isattyr.o)
 .debug_line    0x00006360      0x193 /usr/lib/gcc/arm-none-eabi/13.2.1/../../../arm-none-eabi/lib/thumb/v7e-m+fp/hard/libg_nano.a(libc_a-sbrkr.o)
 .debug_line    0x000064f3      0x22b /usr/lib/gcc/arm-none-eabi/13.2.1/../../../arm-none-eabi/lib/thumb/v7e-m+fp/hard/libg_nano.a(libc_a-stdio.o)
 .debug_line    0x0000671e      0x176 /usr/lib/gcc/arm-none-eabi/13.2.1/../../../arm-none-eabi/lib/thumb/v7e-m+fp/hard/libg_nano.a(libc_a-msizer.o)
 .debug_line    0x00006894      0x193 /usr/lib/gcc/arm-none-eabi/13.2.1/../../../arm-none-eabi/lib/thumb/v7e-m+fp/hard/libg_nano.a(libc_a-closer.o)
 .debug_line    0x00006a27      0x198 /usr/lib/gcc/arm-none-eabi/13.2.1/../../../arm-none-eabi/lib/thumb/v7e-m+fp/hard/libg_nano.a(libc_a-readr.o)
 .debug_line    0x00006bbf      0x27b /usr/lib/gcc/arm-none-eabi/13.2.1/../../../arm-none-eabi/lib/thumb/v7e-m+fp/hard/libg_nano.a(libc_a-reent.o)
 .debug_line    0x00006e3a      0x21c /usr/lib/gcc/arm-none-eabi/13.2.1/../../../arm-none-eabi/lib/thumb/v7e-m+fp/hard/libg_nano.a(libc_a-fstatr.o)
 .debug_line    0x00007056      0x199 /usr/lib/gcc/arm-none-eabi/13.2.1/../../../arm-none-eabi/lib/thumb/v7e-m+fp/hard/libg_nano.a(libc_a-lseekr.o)
 .debug_line    0x000071ef      0x199 /usr/lib/gcc/arm-none-eabi/13.2.1/../../../arm-none-eabi/lib/thumb/v7e-m+fp/hard/libg_nano.a(libc_a-writer.o)

.debug_str      0x00000000    0x5f23c
 .debug_str     0x00000000    0x5f23c source/CMakeFiles/firmware.dir/syscalls.c.obj
                               0x92c5 (size before relaxing)
 .debug_str     0x0005f23c     0x6e5e source/CMakeFiles/firmware.dir/sysmem.c.obj
 .debug_str     0x0005f23c     0x707b source/CMakeFiles/firmware.dir/main.c.obj
 .debug_str     0x0005f23c     0x2e96 source/CMakeFiles/firmware.dir/__/lib/bsp/bsp.c.obj
 .debug_str     0x0005f23c    0x57ce4 source/CMakeFiles/firmware.dir/__/lib/platform/nucleof411re/platform_nucleof411re.c.obj
 .debug_str     0x0005f23c    0x5650a source/CMakeFiles/firmware.dir/__/lib/platform/nucleof411re/platform_nucleof411re_clock.c.obj
 .debug_str     0x0005f23c    0x51e8a source/CMakeFiles/firmware.dir/__/lib/platform/nucleof411re/platform_nucleof411re_serial.c.obj
 .debug_str     0x0005f23c    0x50ef5 source/CMakeFiles/firmware.dir/__/lib/platform/nucleof411re/platform_nucleof411re_ili9486.c.obj
 .debug_str     0x0005f23c     0x3a26 source/CMakeFiles/firmware.dir/__/lib/platform/component/ili9486/ili9486.c.obj
 .debug_str     0x0005f23c    0x4fb76 source/CMakeFiles/firmware.dir/__/third-party/stm32_driver/cmsis/device/source/system_stm32f4xx.c.obj
 .debug_str     0x0005f23c       0xae source/CMakeFiles/firmware.dir/__/third-party/stm32_driver/cmsis/device/startup/startup_stm32f411xe.s.obj
 .debug_str     0x0005f23c       0xa3 /usr/lib/gcc/arm-none-eabi/13.2.1/thumb/v7e-m+fp/hard/libgcc.a(_aeabi_uldivmod.o)
 .debug_str     0x0005f23c      0x685 /usr/lib/gcc/arm-none-eabi/13.2.1/thumb/v7e-m+fp/hard/libgcc.a(_udivmoddi4.o)
 .debug_str     0x0005f23c       0xc3 /usr/lib/gcc/arm-none-eabi/13.2.1/thumb/v7e-m+fp/hard/libgcc.a(_dvmd_tls.o)
 .debug_str     0x0005f23c      0x1fa /usr/lib/gcc/arm-none-eabi/13.2.1/../../../arm-none-eabi/lib/thumb/v7e-m+fp/hard/libg_nano.a(libc_a-init.o)
 .debug_str     0x0005f23c      0x1ad /usr/lib/gcc/arm-none-eabi/13.2.1/../../../arm-none-eabi/lib/thumb/v7e-m+fp/hard/libg_nano.a(libc_a-memset.o)
 .debug_str     0x0005f23c      0x4b6 /usr/lib/gcc/arm-none-eabi/13.2.1/../../../arm-none-eabi/lib/thumb/v7e-m+fp/hard/libg_nano.a(libc_a-errno.o)
 .debug_str     0x0005f23c      0x4f7 /usr/lib/gcc/arm-none-eabi/13.2.1/../../../arm-none-eabi/lib/thumb/v7e-m+fp/hard/libg_nano.a(libc_a-printf.o)
 .debug_str     0x0005f23c      0x829 /usr/lib/gcc/arm-none-eabi/13.2.1/../../../arm-none-eabi/lib/thumb/v7e-m+fp/hard/libg_nano.a(libc_a-nano-vfprintf.o)
 .debug_str     0x0005f23c      0x4f2 /usr/lib/gcc/arm-none-eabi/13.2.1/../../../arm-none-eabi/lib/thumb/v7e-m+fp/hard/libg_nano.a(libc_a-wbuf.o)
 .debug_str     0x0005f23c      0x4bc /usr/lib/gcc/arm-none-eabi/13.2.1/../../../arm-none-eabi/lib/thumb/v7e-m+fp/hard/libg_nano.a(libc_a-impure.o)
 .debug_str     0x0005f23c      0x560 /usr/lib/gcc/arm-none-eabi/13.2.1/../../../arm-none-eabi/lib/thumb/v7e-m+fp/hard/libg_nano.a(libc_a-fvwrite.o)
 .debug_str     0x0005f23c      0x6bf /usr/lib/gcc/arm-none-eabi/13.2.1/../../../arm-none-eabi/lib/thumb/v7e-m+fp/hard/libg_nano.a(libc_a-findfp.o)
 .debug_str     0x0005f23c      0x543 /usr/lib/gcc/arm-none-eabi/13.2.1/../../../arm-none-eabi/lib/thumb/v7e-m+fp/hard/libg_nano.a(libc_a-fflush.o)
 .debug_str     0x0005f23c      0x59d /usr/lib/gcc/arm-none-eabi/13.2.1/../../../arm-none-eabi/lib/thumb/v7e-m+fp/hard/libg_nano.a(libc_a-mallocr.o)
 .debug_str     0x0005f23c      0x53c /usr/lib/gcc/arm-none-eabi/13.2.1/../../../arm-none-eabi/lib/thumb/v7e-m+fp/hard/libg_nano.a(libc_a-freer.o)
 .debug_str     0x0005f23c      0x1cc /usr/lib/gcc/arm-none-eabi/13.2.1/../../../arm-none-eabi/lib/thumb/v7e-m+fp/hard/libg_nano.a(libc_a-memmove.o)
 .debug_str     0x0005f23c      0x4cc /usr/lib/gcc/arm-none-eabi/13.2.1/../../../arm-none-eabi/lib/thumb/v7e-m+fp/hard/libg_nano.a(libc_a-fwalk.o)
 .debug_str     0x0005f23c       0x9e /usr/lib/gcc/arm-none-eabi/13.2.1/../../../arm-none-eabi/lib/thumb/v7e-m+fp/hard/libg_nano.a(libc_a-memchr.o)
 .debug_str     0x0005f23c      0x4ed /usr/lib/gcc/arm-none-eabi/13.2.1/../../../arm-none-eabi/lib/thumb/v7e-m+fp/hard/libg_nano.a(libc_a-wsetup.o)
 .debug_str     0x0005f23c       0xac /usr/lib/gcc/arm-none-eabi/13.2.1/../../../arm-none-eabi/lib/thumb/v7e-m+fp/hard/libg_nano.a(libc_a-memcpy.o)
 .debug_str     0x0005f23c      0x532 /usr/lib/gcc/arm-none-eabi/13.2.1/../../../arm-none-eabi/lib/thumb/v7e-m+fp/hard/libg_nano.a(libc_a-reallocr.o)
 .debug_str     0x0005f23c      0x79b /usr/lib/gcc/arm-none-eabi/13.2.1/../../../arm-none-eabi/lib/thumb/v7e-m+fp/hard/libg_nano.a(libc_a-nano-vfprintf_i.o)
 .debug_str     0x0005f23c      0x4da /usr/lib/gcc/arm-none-eabi/13.2.1/../../../arm-none-eabi/lib/thumb/v7e-m+fp/hard/libg_nano.a(libc_a-mlock.o)
 .debug_str     0x0005f23c      0x64f /usr/lib/gcc/arm-none-eabi/13.2.1/../../../arm-none-eabi/lib/thumb/v7e-m+fp/hard/libg_nano.a(libc_a-makebuf.o)
 .debug_str     0x0005f23c      0x4bc /usr/lib/gcc/arm-none-eabi/13.2.1/../../../arm-none-eabi/lib/thumb/v7e-m+fp/hard/libg_nano.a(libc_a-isattyr.o)
 .debug_str     0x0005f23c      0x4c5 /usr/lib/gcc/arm-none-eabi/13.2.1/../../../arm-none-eabi/lib/thumb/v7e-m+fp/hard/libg_nano.a(libc_a-sbrkr.o)
 .debug_str     0x0005f23c      0x529 /usr/lib/gcc/arm-none-eabi/13.2.1/../../../arm-none-eabi/lib/thumb/v7e-m+fp/hard/libg_nano.a(libc_a-stdio.o)
 .debug_str     0x0005f23c      0x505 /usr/lib/gcc/arm-none-eabi/13.2.1/../../../arm-none-eabi/lib/thumb/v7e-m+fp/hard/libg_nano.a(libc_a-msizer.o)
 .debug_str     0x0005f23c      0x4b2 /usr/lib/gcc/arm-none-eabi/13.2.1/../../../arm-none-eabi/lib/thumb/v7e-m+fp/hard/libg_nano.a(libc_a-closer.o)
 .debug_str     0x0005f23c      0x4c0 /usr/lib/gcc/arm-none-eabi/13.2.1/../../../arm-none-eabi/lib/thumb/v7e-m+fp/hard/libg_nano.a(libc_a-readr.o)
 .debug_str     0x0005f23c      0x4db /usr/lib/gcc/arm-none-eabi/13.2.1/../../../arm-none-eabi/lib/thumb/v7e-m+fp/hard/libg_nano.a(libc_a-reent.o)
 .debug_str     0x0005f23c      0x604 /usr/lib/gcc/arm-none-eabi/13.2.1/../../../arm-none-eabi/lib/thumb/v7e-m+fp/hard/libg_nano.a(libc_a-fstatr.o)
 .debug_str     0x0005f23c      0x4c0 /usr/lib/gcc/arm-none-eabi/13.2.1/../../../arm-none-eabi/lib/thumb/v7e-m+fp/hard/libg_nano.a(libc_a-lseekr.o)
 .debug_str     0x0005f23c      0x4c2 /usr/lib/gcc/arm-none-eabi/13.2.1/../../../arm-none-eabi/lib/thumb/v7e-m+fp/hard/libg_nano.a(libc_a-writer.o)

.debug_frame    0x00000000     0x1390
 .debug_frame   0x00000000      0x2ac source/CMakeFiles/firmware.dir/syscalls.c.obj
 .debug_frame   0x000002ac       0x34 source/CMakeFiles/firmware.dir/sysmem.c.obj
 .debug_frame   0x000002e0       0x54 source/CMakeFiles/firmware.dir/main.c.obj
 .debug_frame   0x00000334       0x2c source/CMakeFiles/firmware.dir/__/lib/bsp/bsp.c.obj
 .debug_frame   0x00000360       0x7c source/CMakeFiles/firmware.dir/__/lib/platform/nucleof411re/platform_nucleof411re.c.obj
 .debug_frame   0x000003dc      0x25c source/CMakeFiles/firmware.dir/__/lib/platform/nucleof411re/platform_nucleof411re_clock.c.obj
 .debug_frame   0x00000638      0x308 source/CMakeFiles/firmware.dir/__/lib/platform/nucleof411re/platform_nucleof411re_serial.c.obj
 .debug_frame   0x00000940       0xe8 source/CMakeFiles/firmware.dir/__/lib/platform/nucleof411re/platform_nucleof411re_ili9486.c.obj
 .debug_frame   0x00000a28       0x3c source/CMakeFiles/firmware.dir/__/lib/platform/component/ili9486/ili9486.c.obj
 .debug_frame   0x00000a64       0x58 source/CMakeFiles/firmware.dir/__/third-party/stm32_driver/cmsis/device/source/system_stm32f4xx.c.obj
 .debug_frame   0x00000abc       0x2c /usr/lib/gcc/arm-none-eabi/13.2.1/thumb/v7e-m+fp/hard/libgcc.a(_aeabi_uldivmod.o)
 .debug_frame   0x00000ae8       0x34 /usr/lib/gcc/arm-none-eabi/13.2.1/thumb/v7e-m+fp/hard/libgcc.a(_udivmoddi4.o)
 .debug_frame   0x00000b1c       0x2c /usr/lib/gcc/arm-none-eabi/13.2.1/../../../arm-none-eabi/lib/thumb/v7e-m+fp/hard/libg_nano.a(libc_a-init.o)
 .debug_frame   0x00000b48       0x2c /usr/lib/gcc/arm-none-eabi/13.2.1/../../../arm-none-eabi/lib/thumb/v7e-m+fp/hard/libg_nano.a(libc_a-memset.o)
 .debug_frame   0x00000b74       0x20 /usr/lib/gcc/arm-none-eabi/13.2.1/../../../arm-none-eabi/lib/thumb/v7e-m+fp/hard/libg_nano.a(libc_a-errno.o)
 .debug_frame   0x00000b94       0x74 /usr/lib/gcc/arm-none-eabi/13.2.1/../../../arm-none-eabi/lib/thumb/v7e-m+fp/hard/libg_nano.a(libc_a-printf.o)
 .debug_frame   0x00000c08       0xbc /usr/lib/gcc/arm-none-eabi/13.2.1/../../../arm-none-eabi/lib/thumb/v7e-m+fp/hard/libg_nano.a(libc_a-nano-vfprintf.o)
 .debug_frame   0x00000cc4       0x4c /usr/lib/gcc/arm-none-eabi/13.2.1/../../../arm-none-eabi/lib/thumb/v7e-m+fp/hard/libg_nano.a(libc_a-wbuf.o)
 .debug_frame   0x00000d10       0x64 /usr/lib/gcc/arm-none-eabi/13.2.1/../../../arm-none-eabi/lib/thumb/v7e-m+fp/hard/libg_nano.a(libc_a-fvwrite.o)
 .debug_frame   0x00000d74       0xf4 /usr/lib/gcc/arm-none-eabi/13.2.1/../../../arm-none-eabi/lib/thumb/v7e-m+fp/hard/libg_nano.a(libc_a-findfp.o)
 .debug_frame   0x00000e68       0x8c /usr/lib/gcc/arm-none-eabi/13.2.1/../../../arm-none-eabi/lib/thumb/v7e-m+fp/hard/libg_nano.a(libc_a-fflush.o)
 .debug_frame   0x00000ef4       0x50 /usr/lib/gcc/arm-none-eabi/13.2.1/../../../arm-none-eabi/lib/thumb/v7e-m+fp/hard/libg_nano.a(libc_a-mallocr.o)
 .debug_frame   0x00000f44       0x58 /usr/lib/gcc/arm-none-eabi/13.2.1/../../../arm-none-eabi/lib/thumb/v7e-m+fp/hard/libg_nano.a(libc_a-freer.o)
 .debug_frame   0x00000f9c       0x40 /usr/lib/gcc/arm-none-eabi/13.2.1/../../../arm-none-eabi/lib/thumb/v7e-m+fp/hard/libg_nano.a(libc_a-memmove.o)
 .debug_frame   0x00000fdc       0x34 /usr/lib/gcc/arm-none-eabi/13.2.1/../../../arm-none-eabi/lib/thumb/v7e-m+fp/hard/libg_nano.a(libc_a-fwalk.o)
 .debug_frame   0x00001010       0x2c /usr/lib/gcc/arm-none-eabi/13.2.1/../../../arm-none-eabi/lib/thumb/v7e-m+fp/hard/libg_nano.a(libc_a-wsetup.o)
 .debug_frame   0x0000103c       0x38 /usr/lib/gcc/arm-none-eabi/13.2.1/../../../arm-none-eabi/lib/thumb/v7e-m+fp/hard/libg_nano.a(libc_a-reallocr.o)
 .debug_frame   0x00001074       0x6c /usr/lib/gcc/arm-none-eabi/13.2.1/../../../arm-none-eabi/lib/thumb/v7e-m+fp/hard/libg_nano.a(libc_a-nano-vfprintf_i.o)
 .debug_frame   0x000010e0       0x30 /usr/lib/gcc/arm-none-eabi/13.2.1/../../../arm-none-eabi/lib/thumb/v7e-m+fp/hard/libg_nano.a(libc_a-mlock.o)
 .debug_frame   0x00001110       0x60 /usr/lib/gcc/arm-none-eabi/13.2.1/../../../arm-none-eabi/lib/thumb/v7e-m+fp/hard/libg_nano.a(libc_a-makebuf.o)
 .debug_frame   0x00001170       0x2c /usr/lib/gcc/arm-none-eabi/13.2.1/../../../arm-none-eabi/lib/thumb/v7e-m+fp/hard/libg_nano.a(libc_a-isattyr.o)